Component: ARM Compiler 5.06 update 7 (build 960) Tool: armlink [4d3601]

==============================================================================

Section Cross References

    startup_stm32f103xe.o(STACK) refers (Special) to heapauxi.o(.text) for __use_two_region_memory
    startup_stm32f103xe.o(HEAP) refers (Special) to heapauxi.o(.text) for __use_two_region_memory
    startup_stm32f103xe.o(RESET) refers (Special) to heapauxi.o(.text) for __use_two_region_memory
    startup_stm32f103xe.o(RESET) refers to startup_stm32f103xe.o(STACK) for __initial_sp
    startup_stm32f103xe.o(RESET) refers to startup_stm32f103xe.o(.text) for Reset_Handler
    startup_stm32f103xe.o(RESET) refers to stm32f1xx_it.o(i.NMI_Handler) for NMI_Handler
    startup_stm32f103xe.o(RESET) refers to stm32f1xx_it.o(i.HardFault_Handler) for HardFault_Handler
    startup_stm32f103xe.o(RESET) refers to stm32f1xx_it.o(i.MemManage_Handler) for MemManage_Handler
    startup_stm32f103xe.o(RESET) refers to stm32f1xx_it.o(i.BusFault_Handler) for BusFault_Handler
    startup_stm32f103xe.o(RESET) refers to stm32f1xx_it.o(i.UsageFault_Handler) for UsageFault_Handler
    startup_stm32f103xe.o(RESET) refers to stm32f1xx_it.o(i.SVC_Handler) for SVC_Handler
    startup_stm32f103xe.o(RESET) refers to stm32f1xx_it.o(i.DebugMon_Handler) for DebugMon_Handler
    startup_stm32f103xe.o(RESET) refers to stm32f1xx_it.o(i.PendSV_Handler) for PendSV_Handler
    startup_stm32f103xe.o(RESET) refers to stm32f1xx_it.o(i.SysTick_Handler) for SysTick_Handler
    startup_stm32f103xe.o(RESET) refers to stm32f1xx_it.o(i.DMA1_Channel1_IRQHandler) for DMA1_Channel1_IRQHandler
    startup_stm32f103xe.o(RESET) refers to stm32f1xx_it.o(i.USART2_IRQHandler) for USART2_IRQHandler
    startup_stm32f103xe.o(RESET) refers to stm32f1xx_it.o(i.UART4_IRQHandler) for UART4_IRQHandler
    startup_stm32f103xe.o(RESET) refers to stm32f1xx_it.o(i.TIM6_IRQHandler) for TIM6_IRQHandler
    startup_stm32f103xe.o(.text) refers (Special) to heapauxi.o(.text) for __use_two_region_memory
    startup_stm32f103xe.o(.text) refers to system_stm32f1xx.o(i.SystemInit) for SystemInit
    startup_stm32f103xe.o(.text) refers to __main.o(!!!main) for __main
    startup_stm32f103xe.o(.text) refers to startup_stm32f103xe.o(HEAP) for Heap_Mem
    startup_stm32f103xe.o(.text) refers to startup_stm32f103xe.o(STACK) for Stack_Mem
    main.o(i.SystemClock_Config) refers to rt_memclr_w.o(.text) for __aeabi_memclr4
    main.o(i.SystemClock_Config) refers to stm32f1xx_hal_rcc.o(i.HAL_RCC_OscConfig) for HAL_RCC_OscConfig
    main.o(i.SystemClock_Config) refers to stm32f1xx_hal_rcc.o(i.HAL_RCC_ClockConfig) for HAL_RCC_ClockConfig
    main.o(i.SystemClock_Config) refers to stm32f1xx_hal_rcc_ex.o(i.HAL_RCCEx_PeriphCLKConfig) for HAL_RCCEx_PeriphCLKConfig
    main.o(i.main) refers to stm32f1xx_hal.o(i.HAL_Init) for HAL_Init
    main.o(i.main) refers to main.o(i.SystemClock_Config) for SystemClock_Config
    main.o(i.main) refers to gpio.o(i.MX_GPIO_Init) for MX_GPIO_Init
    main.o(i.main) refers to dma.o(i.MX_DMA_Init) for MX_DMA_Init
    main.o(i.main) refers to adc.o(i.MX_ADC1_Init) for MX_ADC1_Init
    main.o(i.main) refers to iwdg.o(i.MX_IWDG_Init) for MX_IWDG_Init
    main.o(i.main) refers to tim.o(i.MX_TIM2_Init) for MX_TIM2_Init
    main.o(i.main) refers to usart.o(i.MX_USART2_UART_Init) for MX_USART2_UART_Init
    main.o(i.main) refers to i2c.o(i.MX_I2C2_Init) for MX_I2C2_Init
    main.o(i.main) refers to tim.o(i.MX_TIM3_Init) for MX_TIM3_Init
    main.o(i.main) refers to tim.o(i.MX_TIM8_Init) for MX_TIM8_Init
    main.o(i.main) refers to usart.o(i.MX_UART4_Init) for MX_UART4_Init
    main.o(i.main) refers to tim.o(i.MX_TIM1_Init) for MX_TIM1_Init
    main.o(i.main) refers to tim.o(i.MX_TIM6_Init) for MX_TIM6_Init
    main.o(i.main) refers to tim.o(i.MX_TIM4_Init) for MX_TIM4_Init
    main.o(i.main) refers to dealwith_lcd.o(i.queue_reset) for queue_reset
    main.o(i.main) refers to i2c.o(i.EEPROM_Data_Read) for EEPROM_Data_Read
    main.o(i.main) refers to stm32f1xx_hal_uart.o(i.HAL_UART_Receive_IT) for HAL_UART_Receive_IT
    main.o(i.main) refers to stm32f1xx_hal_adc.o(i.HAL_ADC_Start_DMA) for HAL_ADC_Start_DMA
    main.o(i.main) refers to stm32f1xx_hal_tim.o(i.HAL_TIM_PWM_Start) for HAL_TIM_PWM_Start
    main.o(i.main) refers to stm32f1xx_hal_tim.o(i.HAL_TIM_Base_Start_IT) for HAL_TIM_Base_Start_IT
    main.o(i.main) refers to manage.o(i.SetTimer) for SetTimer
    main.o(i.main) refers to manage.o(i.DelayTime) for DelayTime
    main.o(i.main) refers to dealwith_lcd.o(i.SetTextValue) for SetTextValue
    main.o(i.main) refers to winmain.o(i.winMain) for winMain
    main.o(i.main) refers to dealwith_lcd.o(i.AnalysisUart2) for AnalysisUart2
    main.o(i.main) refers to manage.o(i.TimerServer) for TimerServer
    main.o(i.main) refers to manage.o(i.RefreshWindow) for RefreshWindow
    main.o(i.main) refers to usart.o(.data) for acRxBuff
    main.o(i.main) refers to usart.o(.bss) for huart2
[...]
    x$fpl$d2f                                0x080054b0   Section       98  d2f.o(x$fpl$d2f)
    x$fpl$dadd                               0x08005514   Section      336  daddsub_clz.o(x$fpl$dadd)
    _dadd1                                   0x08005525   Thumb Code     0  daddsub_clz.o(x$fpl$dadd)
    x$fpl$dcmpinf                            0x08005664   Section       24  dcmpi.o(x$fpl$dcmpinf)
    x$fpl$ddiv                               0x0800567c   Section      688  ddiv.o(x$fpl$ddiv)
    ddiv_entry                               0x08005683   Thumb Code     0  ddiv.o(x$fpl$ddiv)
    x$fpl$dfltu                              0x0800592c   Section       38  dflt_clz.o(x$fpl$dfltu)
    x$fpl$dleqf                              0x08005954   Section      120  dleqf.o(x$fpl$dleqf)
    x$fpl$dmul                               0x080059cc   Section      340  dmul.o(x$fpl$dmul)
    x$fpl$dnaninf                            0x08005b20   Section      156  dnaninf.o(x$fpl$dnaninf)
    x$fpl$dretinf                            0x08005bbc   Section       12  dretinf.o(x$fpl$dretinf)
    x$fpl$drleqf                             0x08005bc8   Section      108  drleqf.o(x$fpl$drleqf)
    x$fpl$dsub                               0x08005c34   Section      468  daddsub_clz.o(x$fpl$dsub)
    _dsub1                                   0x08005c45   Thumb Code     0  daddsub_clz.o(x$fpl$dsub)
    x$fpl$f2d                                0x08005e08   Section       86  f2d.o(x$fpl$f2d)
    x$fpl$fadd                               0x08005e60   Section      196  faddsub_clz.o(x$fpl$fadd)
    _fadd1                                   0x08005e6f   Thumb Code     0  faddsub_clz.o(x$fpl$fadd)
    x$fpl$fcheck1                            0x08005f24   Section       12  fcheck1.o(x$fpl$fcheck1)
    x$fpl$fcmpinf                            0x08005f30   Section       24  fcmpi.o(x$fpl$fcmpinf)
    x$fpl$fdiv                               0x08005f48   Section      388  fdiv.o(x$fpl$fdiv)
    _fdiv1                                   0x08005f49   Thumb Code     0  fdiv.o(x$fpl$fdiv)
    x$fpl$ffixu                              0x080060cc   Section       62  ffixu.o(x$fpl$ffixu)
    x$fpl$fflt                               0x0800610c   Section       48  fflt_clz.o(x$fpl$fflt)
    x$fpl$ffltu                              0x0800613c   Section       38  fflt_clz.o(x$fpl$ffltu)
    x$fpl$fleqf                              0x08006164   Section      104  fleqf.o(x$fpl$fleqf)
    x$fpl$fmul                               0x080061cc   Section      258  fmul.o(x$fpl$fmul)
    x$fpl$fnaninf                            0x080062ce   Section      140  fnaninf.o(x$fpl$fnaninf)
    x$fpl$fretinf                            0x0800635a   Section       10  fretinf.o(x$fpl$fretinf)
    x$fpl$fsub                               0x08006364   Section      234  faddsub_clz.o(x$fpl$fsub)
    _fsub1                                   0x08006373   Thumb Code     0  faddsub_clz.o(x$fpl$fsub)
    x$fpl$retnan                             0x0800644e   Section      100  retnan.o(x$fpl$retnan)
    x$fpl$scalbnf                            0x080064b2   Section       76  scalbnf.o(x$fpl$scalbnf)
    x$fpl$trapveneer                         0x080064fe   Section       48  trapv.o(x$fpl$trapveneer)
    .constdata                               0x0800652e   Section       18  stm32f1xx_hal_rcc.o(.constdata)
    x$fpl$usenofp                            0x0800652e   Section        0  usenofp.o(x$fpl$usenofp)
    aPredivFactorTable                       0x0800652e   Data           2  stm32f1xx_hal_rcc.o(.constdata)
    aPLLMULFactorTable                       0x08006530   Data          16  stm32f1xx_hal_rcc.o(.constdata)
    .constdata                               0x08006540   Section       16  system_stm32f1xx.o(.constdata)
    .constdata                               0x08006550   Section        8  system_stm32f1xx.o(.constdata)
    .data                                    0x20000000   Section        2  main.o(.data)
    .data                                    0x20000002   Section        2  main.o(.data)
    .data                                    0x20000004   Section        2  main.o(.data)
    .data                                    0x20000006   Section        1  main.o(.data)
    .data                                    0x20000008   Section        8  main.o(.data)
    .data                                    0x20000010   Section        1  main.o(.data)
    .data                                    0x20000011   Section        1  main.o(.data)
    .data                                    0x20000012   Section        2  main.o(.data)
    .data                                    0x20000014   Section        4  main.o(.data)
    .data                                    0x20000018   Section        1  main.o(.data)
    .data                                    0x20000019   Section        1  main.o(.data)
    .data                                    0x2000001a   Section        1  main.o(.data)
    .data                                    0x2000001b   Section        1  main.o(.data)
    .data                                    0x2000001c   Section        1  main.o(.data)
    .data                                    0x2000001d   Section        1  main.o(.data)
    .data                                    0x2000001e   Section        1  main.o(.data)
    .data                                    0x2000001f   Section        1  main.o(.data)
    .data                                    0x20000020   Section        4  main.o(.data)
    .data                                    0x20000024   Section        4  main.o(.data)
    .data                                    0x20000028   Section        4  main.o(.data)
    .data                                    0x2000002c   Section        1  usart.o(.data)
    .data                                    0x2000002d   Section        1  usart.o(.data)
    .data                                    0x20000030   Section       12  stm32f1xx_hal.o(.data)
    .data                                    0x2000003c   Section        4  system_stm32f1xx.o(.data)
    .data                                    0x20000040   Section        2  manage.o(.data)
    LastTickCounter                          0x20000040   Data           2  manage.o(.data)
    .data                                    0x20000042   Section        2  dealwith_pwm.o(.data)
    Curr                                     0x20000042   Data           1  dealwith_pwm.o(.data)
    Curr                                     0x20000043   Data           1  dealwith_pwm.o(.data)
    .data                                    0x20000044   Section       12  winmain.o(.data)
    Window                                   0x20000044   Data          12  winmain.o(.data)
    .data                                    0x20000050   Section       12  winwork.o(.data)
    Window                                   0x20000050   Data          12  winwork.o(.data)
    .bss                                     0x2000005c   Section      120  main.o(.bss)
    .bss                                     0x200000d4   Section       60  main.o(.bss)
    .bss                                     0x20000110   Section      516  main.o(.bss)
    .bss                                     0x20000314   Section       64  main.o(.bss)
    .bss                                     0x20000354   Section      136  main.o(.bss)
    .bss                                     0x200003dc   Section       28  main.o(.bss)
    .bss                                     0x200003f8   Section       28  main.o(.bss)
    .bss                                     0x20000414   Section       28  main.o(.bss)
    .bss                                     0x20000430   Section       28  main.o(.bss)
    .bss                                     0x2000044c   Section       28  main.o(.bss)
    .bss                                     0x20000468   Section      108  main.o(.bss)
    .bss                                     0x200004d4   Section      122  main.o(.bss)
    .bss                                     0x20000550   Section      208  adc.o(.bss)
    .bss                                     0x20000620   Section       84  i2c.o(.bss)
    .bss                                     0x20000674   Section       12  iwdg.o(.bss)
    .bss                                     0x20000680   Section      432  tim.o(.bss)
    .bss                                     0x20000830   Section      144  usart.o(.bss)
    .bss                                     0x200008c0   Section       96  libspace.o(.bss)
    HEAP                                     0x20000920   Section      512  startup_stm32f103xe.o(HEAP)
    Heap_Mem                                 0x20000920   Data         512  startup_stm32f103xe.o(HEAP)
    STACK                                    0x20000b20   Section     1024  startup_stm32f103xe.o(STACK)
    Stack_Mem                                0x20000b20   Data        1024  startup_stm32f103xe.o(STACK)
    __initial_sp                             0x20000f20   Data           0  startup_stm32f103xe.o(STACK)

    Global Symbols

    Symbol Name                              Value     Ov Type        Size  Object(Section)

    BuildAttributes$$THM_ISAv4$P$D$K$B$S$PE$A:L22UL41UL21$X:L11$S22US41US21$IEEE1$IW$USESV6$~STKCKD$USESV7$~SHL$OSPACE$ROPI$EBA8$UX$STANDARDLIB$REQ8$PRES8$EABIv2 0x00000000   Number         0  anon$$obj.o ABSOLUTE
    __ARM_use_no_argv                        0x00000000   Number         0  main.o ABSOLUTE
    __ARM_exceptions_init                     - Undefined Weak Reference
    __alloca_initialize                       - Undefined Weak Reference
    __arm_fini_                               - Undefined Weak Reference
    __arm_preinit_                            - Undefined Weak Reference
    __cpp_initialize__aeabi_                  - Undefined Weak Reference
    __cxa_finalize                            - Undefined Weak Reference
    __rt_locale                               - Undefined Weak Reference
    __sigvec_lookup                           - Undefined Weak Reference
    _atexit_init                              - Undefined Weak Reference
    _call_atexit_fns                          - Undefined Weak Reference
    _clock_init                               - Undefined Weak Reference
    _fp_trap_init                             - Undefined Weak Reference
    _fp_trap_shutdown                         - Undefined Weak Reference
    _get_lc_collate                           - Undefined Weak Reference
    _get_lc_ctype                             - Undefined Weak Reference
    _get_lc_monetary                          - Undefined Weak Reference
    _get_lc_numeric                           - Undefined Weak Reference
    _get_lc_time                              - Undefined Weak Reference
    _getenv_init                              - Undefined Weak Reference
    _handle_redirection                       - Undefined Weak Reference
    _init_alloc                               - Undefined Weak Reference
    _init_user_alloc                          - Undefined Weak Reference
    _initio                                   - Undefined Weak Reference
    _rand_init                                - Undefined Weak Reference
    _signal_finish                            - Undefined Weak Reference
    _signal_init                              - Undefined Weak Reference
    _terminate_alloc                          - Undefined Weak Reference
    _terminate_user_alloc                     - Undefined Weak Reference
    _terminateio                              - Undefined Weak Reference
    __Vectors_Size                           0x00000130   Number         0  startup_stm32f103xe.o ABSOLUTE
    __Vectors                                0x08000000   Data           4  startup_stm32f103xe.o(RESET)
    __Vectors_End                            0x08000130   Data           0  startup_stm32f103xe.o(RESET)
    __main                                   0x08000131   Thumb Code     8  __main.o(!!!main)
    __scatterload                            0x08000139   Thumb Code     0  __scatter.o(!!!scatter)
    __scatterload_rt2                        0x08000139   Thumb Code    44  __scatter.o(!!!scatter)
    __scatterload_rt2_thumb_only             0x08000139   Thumb Code     0  __scatter.o(!!!scatter)
    __scatterload_null                       0x08000147   Thumb Code     0  __scatter.o(!!!scatter)
    __scatterload_copy                       0x0800016d   Thumb Code    26  __scatter_copy.o(!!handler_copy)
    __scatterload_zeroinit                   0x08000189   Thumb Code    28  __scatter_zi.o(!!handler_zi)
    __rt_lib_init                            0x080001a5   Thumb Code     0  libinit.o(.ARM.Collect$$libinit$$00000000)
    __rt_lib_init_alloca_1                   0x080001a7   Thumb Code     0  libinit2.o(.ARM.Collect$$libinit$$0000002E)
    __rt_lib_init_argv_1                     0x080001a7   Thumb Code     0  libinit2.o(.ARM.Collect$$libinit$$0000002C)
    __rt_lib_init_atexit_1                   0x080001a7   Thumb Code     0  libinit2.o(.ARM.Collect$$libinit$$0000001B)
    __rt_lib_init_clock_1                    0x080001a7   Thumb Code     0  libinit2.o(.ARM.Collect$$libinit$$00000021)
    __rt_lib_init_cpp_1                      0x080001a7   Thumb Code     0  libinit2.o(.ARM.Collect$$libinit$$00000032)
    __rt_lib_init_exceptions_1               0x080001a7   Thumb Code     0  libinit2.o(.ARM.Collect$$libinit$$00000030)
    __rt_lib_init_fp_1                       0x080001a7   Thumb Code     0  libinit2.o(.ARM.Collect$$libinit$$00000002)
    __rt_lib_init_fp_trap_1                  0x080001a7   Thumb Code     0  libinit2.o(.ARM.Collect$$libinit$$0000001F)
    __rt_lib_init_getenv_1                   0x080001a7   Thumb Code     0  libinit2.o(.ARM.Collect$$libinit$$00000023)
    __rt_lib_init_heap_1                     0x080001a7   Thumb Code     0  libinit2.o(.ARM.Collect$$libinit$$0000000A)
    __rt_lib_init_lc_collate_1               0x080001a7   Thumb Code     0  libinit2.o(.ARM.Collect$$libinit$$00000011)
    __rt_lib_init_lc_ctype_1                 0x080001a7   Thumb Code     0  libinit2.o(.ARM.Collect$$libinit$$00000013)
    __rt_lib_init_lc_monetary_1              0x080001a7   Thumb Code     0  libinit2.o(.ARM.Collect$$libinit$$00000015)
    __rt_lib_init_lc_numeric_1               0x080001a7   Thumb Code     0  libinit2.o(.ARM.Collect$$libinit$$00000017)
    __rt_lib_init_lc_time_1                  0x080001a7   Thumb Code     0  libinit2.o(.ARM.Collect$$libinit$$00000019)
    __rt_lib_init_preinit_1                  0x080001a7   Thumb Code     0  libinit2.o(.ARM.Collect$$libinit$$00000004)
    __rt_lib_init_rand_1                     0x080001a7   Thumb Code     0  libinit2.o(.ARM.Collect$$libinit$$0000000E)
    __rt_lib_init_return                     0x080001a7   Thumb Code     0  libinit2.o(.ARM.Collect$$libinit$$00000033)
    __rt_lib_init_signal_1                   0x080001a7   Thumb Code     0  libinit2.o(.ARM.Collect$$libinit$$0000001D)
    __rt_lib_init_stdio_1                    0x080001a7   Thumb Code     0  libinit2.o(.ARM.Collect$$libinit$$00000025)
    __rt_lib_init_user_alloc_1               0x080001a7   Thumb Code     0  libinit2.o(.ARM.Collect$$libinit$$0000000C)
    __rt_lib_shutdown                        0x080001a9   Thumb Code     0  libshutdown.o(.ARM.Collect$$libshutdown$$00000000)
    __rt_lib_shutdown_cpp_1                  0x080001ab   Thumb Code     0  libshutdown2.o(.ARM.Collect$$libshutdown$$00000004)
    __rt_lib_shutdown_fini_1                 0x080001ab   Thumb Code     0  libshutdown2.o(.ARM.Collect$$libshutdown$$00000002)
    __rt_lib_shutdown_fp_trap_1              0x080001ab   Thumb Code     0  libshutdown2.o(.ARM.Collect$$libshutdown$$00000009)
    __rt_lib_shutdown_heap_1                 0x080001ab   Thumb Code     0  libshutdown2.o(.ARM.Collect$$libshutdown$$00000011)
    __rt_lib_shutdown_return                 0x080001ab   Thumb Code     0  libshutdown2.o(.ARM.Collect$$libshutdown$$00000012)
    __rt_lib_shutdown_signal_1               0x080001ab   Thumb Code     0  libshutdown2.o(.ARM.Collect$$libshutdown$$0000000C)
    __rt_lib_shutdown_stdio_1                0x080001ab   Thumb Code     0  libshutdown2.o(.ARM.Collect$$libshutdown$$00000006)
    __rt_lib_shutdown_user_alloc_1           0x080001ab   Thumb Code     0  libshutdown2.o(.ARM.Collect$$libshutdown$$0000000E)
    __rt_entry                               0x080001ad   Thumb Code     0  __rtentry.o(.ARM.Collect$$rtentry$$00000000)
    __rt_entry_presh_1                       0x080001ad   Thumb Code     0  __rtentry2.o(.ARM.Collect$$rtentry$$00000002)
    __rt_entry_sh                            0x080001ad   Thumb Code     0  __rtentry4.o(.ARM.Collect$$rtentry$$00000004)
    __rt_entry_li                            0x080001b3   Thumb Code     0  __rtentry2.o(.ARM.Collect$$rtentry$$0000000A)
    __rt_entry_postsh_1                      0x080001b3   Thumb Code     0  __rtentry2.o(.ARM.Collect$$rtentry$$00000009)
    __rt_entry_main                          0x080001b7   Thumb Code     0  __rtentry2.o(.ARM.Collect$$rtentry$$0000000D)
    __rt_entry_postli_1                      0x080001b7   Thumb Code     0  __rtentry2.o(.ARM.Collect$$rtentry$$0000000C)
    __rt_exit                                0x080001bf   Thumb Code     0  rtexit.o(.ARM.Collect$$rtexit$$00000000)
    __rt_exit_ls                             0x080001c1   Thumb Code     0  rtexit2.o(.ARM.Collect$$rtexit$$00000003)
    __rt_exit_prels_1                        0x080001c1   Thumb Code     0  rtexit2.o(.ARM.Collect$$rtexit$$00000002)
    __rt_exit_exit                           0x080001c5   Thumb Code     0  rtexit2.o(.ARM.Collect$$rtexit$$00000004)
    Reset_Handler                            0x080001cd   Thumb Code     8  startup_stm32f103xe.o(.text)
    ADC1_2_IRQHandler                        0x080001e7   Thumb Code     0  startup_stm32f103xe.o(.text)
    ADC3_IRQHandler                          0x080001e7   Thumb Code     0  startup_stm32f103xe.o(.text)
    CAN1_RX1_IRQHandler                      0x080001e7   Thumb Code     0  startup_stm32f103xe.o(.text)
    CAN1_SCE_IRQHandler                      0x080001e7   Thumb Code     0  startup_stm32f103xe.o(.text)
    DMA1_Channel2_IRQHandler                 0x080001e7   Thumb Code     0  startup_stm32f103xe.o(.text)
    DMA1_Channel3_IRQHandler                 0x080001e7   Thumb Code     0  startup_stm32f103xe.o(.text)
    DMA1_Channel4_IRQHandler                 0x080001e7   Thumb Code     0  startup_stm32f103xe.o(.text)
    DMA1_Channel5_IRQHandler                 0x080001e7   Thumb Code     0  startup_stm32f103xe.o(.text)
    DMA1_Channel6_IRQHandler                 0x080001e7   Thumb Code     0  startup_stm32f103xe.o(.text)
    DMA1_Channel7_IRQHandler                 0x080001e7   Thumb Code     0  startup_stm32f103xe.o(.text)
    DMA2_Channel1_IRQHandler                 0x080001e7   Thumb Code     0  startup_stm32f103xe.o(.text)
    DMA2_Channel2_IRQHandler                 0x080001e7   Thumb Code     0  startup_stm32f103xe.o(.text)
    DMA2_Channel3_IRQHandler                 0x080001e7   Thumb Code     0  startup_stm32f103xe.o(.text)
    DMA2_Channel4_5_IRQHandler               0x080001e7   Thumb Code     0  startup_stm32f103xe.o(.text)
    EXTI0_IRQHandler                         0x080001e7   Thumb Code     0  startup_stm32f103xe.o(.text)
    EXTI15_10_IRQHandler                     0x080001e7   Thumb Code     0  startup_stm32f103xe.o(.text)
    EXTI1_IRQHandler                         0x080001e7   Thumb Code     0  startup_stm32f103xe.o(.text)
    EXTI2_IRQHandler                         0x080001e7   Thumb Code     0  startup_stm32f103xe.o(.text)
    EXTI3_IRQHandler                         0x080001e7   Thumb Code     0  startup_stm32f103xe.o(.text)
    EXTI4_IRQHandler                         0x080001e7   Thumb Code     0  startup_stm32f103xe.o(.text)
    EXTI9_5_IRQHandler                       0x080001e7   Thumb Code     0  startup_stm32f103xe.o(.text)
    FLASH_IRQHandler                         0x080001e7   Thumb Code     0  startup_stm32f103xe.o(.text)
    FSMC_IRQHandler                          0x080001e7   Thumb Code     0  startup_stm32f103xe.o(.text)
    I2C1_ER_IRQHandler                       0x080001e7   Thumb Code     0  startup_stm32f103xe.o(.text)
    I2C1_EV_IRQHandler                       0x080001e7   Thumb Code     0  startup_stm32f103xe.o(.text)
    I2C2_ER_IRQHandler                       0x080001e7   Thumb Code     0  startup_stm32f103xe.o(.text)
    I2C2_EV_IRQHandler                       0x080001e7   Thumb Code     0  startup_stm32f103xe.o(.text)
    PVD_IRQHandler                           0x080001e7   Thumb Code     0  startup_stm32f103xe.o(.text)
    RCC_IRQHandler                           0x080001e7   Thumb Code     0  startup_stm32f103xe.o(.text)
    RTC_Alarm_IRQHandler                     0x080001e7   Thumb Code     0  startup_stm32f103xe.o(.text)
    RTC_IRQHandler                           0x080001e7   Thumb Code     0  startup_stm32f103xe.o(.text)
    SDIO_IRQHandler                          0x080001e7   Thumb Code     0  startup_stm32f103xe.o(.text)
    SPI1_IRQHandler                          0x080001e7   Thumb Code     0  startup_stm32f103xe.o(.text)
    SPI2_IRQHandler                          0x080001e7   Thumb Code     0  startup_stm32f103xe.o(.text)
    SPI3_IRQHandler                          0x080001e7   Thumb Code     0  startup_stm32f103xe.o(.text)
    TAMPER_IRQHandler                        0x080001e7   Thumb Code     0  startup_stm32f103xe.o(.text)
    TIM1_BRK_IRQHandler                      0x080001e7   Thumb Code     0  startup_stm32f103xe.o(.text)
    TIM1_CC_IRQHandler                       0x080001e7   Thumb Code     0  startup_stm32f103xe.o(.text)
    TIM1_TRG_COM_IRQHandler                  0x080001e7   Thumb Code     0  startup_stm32f103xe.o(.text)
    TIM1_UP_IRQHandler                       0x080001e7   Thumb Code     0  startup_stm32f103xe.o(.text)
    TIM2_IRQHandler                          0x080001e7   Thumb Code     0  startup_stm32f103xe.o(.text)
    TIM3_IRQHandler                          0x080001e7   Thumb Code     0  startup_stm32f103xe.o(.text)
    TIM4_IRQHandler                          0x080001e7   Thumb Code     0  startup_stm32f103xe.o(.text)
    TIM5_IRQHandler                          0x080001e7   Thumb Code     0  startup_stm32f103xe.o(.text)
    TIM7_IRQHandler                          0x080001e7   Thumb Code     0  startup_stm32f103xe.o(.text)
    TIM8_BRK_IRQHandler                      0x080001e7   Thumb Code     0  startup_stm32f103xe.o(.text)
    TIM8_CC_IRQHandler                       0x080001e7   Thumb Code     0  startup_stm32f103xe.o(.text)
    TIM8_TRG_COM_IRQHandler                  0x080001e7   Thumb Code     0  startup_stm32f103xe.o(.text)
    TIM8_UP_IRQHandler                       0x080001e7   Thumb Code     0  startup_stm32f103xe.o(.text)
    UART5_IRQHandler                         0x080001e7   Thumb Code     0  startup_stm32f103xe.o(.text)
    USART1_IRQHandler                        0x080001e7   Thumb Code     0  startup_stm32f103xe.o(.text)
    USART3_IRQHandler                        0x080001e7   Thumb Code     0  startup_stm32f103xe.o(.text)
    USBWakeUp_IRQHandler                     0x080001e7   Thumb Code     0  startup_stm32f103xe.o(.text)
    USB_HP_CAN1_TX_IRQHandler                0x080001e7   Thumb Code     0  startup_stm32f103xe.o(.text)
    USB_LP_CAN1_RX0_IRQHandler               0x080001e7   Thumb Code     0  startup_stm32f103xe.o(.text)
    WWDG_IRQHandler                          0x080001e7   Thumb Code     0  startup_stm32f103xe.o(.text)
    __user_initial_stackheap                 0x080001e9   Thumb Code     0  startup_stm32f103xe.o(.text)
    __aeabi_memclr4                          0x0800020d   Thumb Code     0  rt_memclr_w.o(.text)
    __aeabi_memclr8                          0x0800020d   Thumb Code     0  rt_memclr_w.o(.text)
    __rt_memclr_w                            0x0800020d   Thumb Code    78  rt_memclr_w.o(.text)
    _memset_w                                0x08000211   Thumb Code     0  rt_memclr_w.o(.text)
    __use_two_region_memory                  0x0800025b   Thumb Code     2  heapauxi.o(.text)
    __rt_heap_escrow$2region                 0x0800025d   Thumb Code     2  heapauxi.o(.text)
    __rt_heap_expand$2region                 0x0800025f   Thumb Code     2  heapauxi.o(.text)
    __user_setup_stackheap                   0x08000261   Thumb Code    74  sys_stackheap_outer.o(.text)
    exit                                     0x080002ab   Thumb Code    18  exit.o(.text)
    __user_libspace                          0x080002bd   Thumb Code     8  libspace.o(.text)
    __user_perproc_libspace                  0x080002bd   Thumb Code     0  libspace.o(.text)
    __user_perthread_libspace                0x080002bd   Thumb Code     0  libspace.o(.text)
    _sys_exit                                0x080002c5   Thumb Code     8  sys_exit.o(.text)
    __I$use$semihosting                      0x080002d1   Thumb Code     0  use_no_semi.o(.text)
    __use_no_semihosting_swi                 0x080002d1   Thumb Code     2  use_no_semi.o(.text)
    __semihosting_library_function           0x080002d3   Thumb Code     0  indicate_semi.o(.text)
    ADC_ConversionStop_Disable               0x080002d5   Thumb Code    86  stm32f1xx_hal_adc.o(i.ADC_ConversionStop_Disable)
    ADC_DMAConvCplt                          0x0800032b   Thumb Code    78  stm32f1xx_hal_adc.o(i.ADC_DMAConvCplt)
    ADC_DMAError                             0x08000379   Thumb Code    26  stm32f1xx_hal_adc.o(i.ADC_DMAError)
    ADC_DMAHalfConvCplt                      0x08000393   Thumb Code    10  stm32f1xx_hal_adc.o(i.ADC_DMAHalfConvCplt)
    ADC_Enable                               0x0800039d   Thumb Code   114  stm32f1xx_hal_adc.o(i.ADC_Enable)
    ActiveWindowProc                         0x08000419   Thumb Code    14  manage.o(i.ActiveWindowProc)
    AnalysisUart2                            0x08000431   Thumb Code    56  dealwith_lcd.o(i.AnalysisUart2)
    AnimationPlayFrame                       0x08000471   Thumb Code    84  dealwith_lcd.o(i.AnimationPlayFrame)
    BusFault_Handler                         0x080004c5   Thumb Code     2  stm32f1xx_it.o(i.BusFault_Handler)
    CloseWindow                              0x080004c9   Thumb Code    30  manage.o(i.CloseWindow)
    DMA1_Channel1_IRQHandler                 0x080004f1   Thumb Code     6  stm32f1xx_it.o(i.DMA1_Channel1_IRQHandler)
    DebugMon_Handler                         0x0800069d   Thumb Code     2  stm32f1xx_it.o(i.DebugMon_Handler)
    DelayMS                                  0x0800069f   Thumb Code    26  manage.o(i.DelayMS)
    DelayTime                                0x080006b9   Thumb Code    36  manage.o(i.DelayTime)
    EEPROM_Data_Read                         0x08000b99   Thumb Code    94  i2c.o(i.EEPROM_Data_Read)
    EEPROM_ReadFloat                         0x08000c01   Thumb Code    82  i2c.o(i.EEPROM_ReadFloat)
    EEPROM_ReadOneByte                       0x08000c5d   Thumb Code    44  i2c.o(i.EEPROM_ReadOneByte)
    EEPROM_Read_PWM                          0x08000c8d   Thumb Code   120  i2c.o(i.EEPROM_Read_PWM)
    EEPROM_WriteFloat                        0x08000d0d   Thumb Code    80  i2c.o(i.EEPROM_WriteFloat)
    EEPROM_WriteOneByte                      0x08000d65   Thumb Code    30  i2c.o(i.EEPROM_WriteOneByte)
    EEPROM_Write_PWM                         0x08000d89   Thumb Code   132  i2c.o(i.EEPROM_Write_PWM)
    Error_Handler                            0x08000e15   Thumb Code     4  main.o(i.Error_Handler)
    HAL_ADC_ConfigChannel                    0x080011d9   Thumb Code   240  stm32f1xx_hal_adc.o(i.HAL_ADC_ConfigChannel)
    HAL_ADC_ConvCpltCallback                 0x080012d5   Thumb Code    82  adc.o(i.HAL_ADC_ConvCpltCallback)
    HAL_ADC_ConvHalfCpltCallback             0x0800132d   Thumb Code     2  stm32f1xx_hal_adc.o(i.HAL_ADC_ConvHalfCpltCallback)
    HAL_ADC_ErrorCallback                    0x0800132f   Thumb Code     2  stm32f1xx_hal_adc.o(i.HAL_ADC_ErrorCallback)
    HAL_ADC_Init                             0x08001331   Thumb Code   272  stm32f1xx_hal_adc.o(i.HAL_ADC_Init)
    HAL_ADC_MspInit                          0x08001451   Thumb Code   152  adc.o(i.HAL_ADC_MspInit)
    HAL_ADC_Start_DMA                        0x08001501   Thumb Code   246  stm32f1xx_hal_adc.o(i.HAL_ADC_Start_DMA)
    HAL_DMA_Abort                            0x0800160d   Thumb Code    70  stm32f1xx_hal_dma.o(i.HAL_DMA_Abort)
    HAL_DMA_Abort_IT                         0x08001655   Thumb Code   296  stm32f1xx_hal_dma.o(i.HAL_DMA_Abort_IT)
    HAL_DMA_IRQHandler                       0x08001785   Thumb Code   552  stm32f1xx_hal_dma.o(i.HAL_DMA_IRQHandler)
    HAL_DMA_Init                             0x080019cd   Thumb Code   112  stm32f1xx_hal_dma.o(i.HAL_DMA_Init)
    HAL_DMA_Start_IT                         0x08001a49   Thumb Code   112  stm32f1xx_hal_dma.o(i.HAL_DMA_Start_IT)
    HAL_GPIO_Init                            0x08001ab9   Thumb Code   462  stm32f1xx_hal_gpio.o(i.HAL_GPIO_Init)
    HAL_GPIO_ReadPin                         0x08001cb1   Thumb Code    10  stm32f1xx_hal_gpio.o(i.HAL_GPIO_ReadPin)
    HAL_GPIO_WritePin                        0x08001cbb   Thumb Code    10  stm32f1xx_hal_gpio.o(i.HAL_GPIO_WritePin)
    HAL_GetTick                              0x08001cc5   Thumb Code     6  stm32f1xx_hal.o(i.HAL_GetTick)
    HAL_I2C_Init                             0x08001cd1   Thumb Code   376  stm32f1xx_hal_i2c.o(i.HAL_I2C_Init)
    HAL_I2C_Mem_Read                         0x08001e59   Thumb Code   574  stm32f1xx_hal_i2c.o(i.HAL_I2C_Mem_Read)
    HAL_I2C_Mem_Write                        0x080020a9   Thumb Code   294  stm32f1xx_hal_i2c.o(i.HAL_I2C_Mem_Write)
    HAL_I2C_MspInit                          0x080021d9   Thumb Code    82  i2c.o(i.HAL_I2C_MspInit)
    HAL_IWDG_Init                            0x08002239   Thumb Code    90  stm32f1xx_hal_iwdg.o(i.HAL_IWDG_Init)
    HAL_IWDG_Refresh                         0x08002293   Thumb Code    12  stm32f1xx_hal_iwdg.o(i.HAL_IWDG_Refresh)
    HAL_IncTick                              0x080022a1   Thumb Code    12  stm32f1xx_hal.o(i.HAL_IncTick)
    HAL_Init                                 0x080022b1   Thumb Code    32  stm32f1xx_hal.o(i.HAL_Init)
    HAL_InitTick                             0x080022d5   Thumb Code    54  stm32f1xx_hal.o(i.HAL_InitTick)
    HAL_MspInit                              0x08002315   Thumb Code    52  stm32f1xx_hal_msp.o(i.HAL_MspInit)
    HAL_NVIC_EnableIRQ                       0x08002351   Thumb Code    26  stm32f1xx_hal_cortex.o(i.HAL_NVIC_EnableIRQ)
    HAL_NVIC_SetPriority                     0x0800236d   Thumb Code    60  stm32f1xx_hal_cortex.o(i.HAL_NVIC_SetPriority)
    HAL_NVIC_SetPriorityGrouping             0x080023ad   Thumb Code    26  stm32f1xx_hal_cortex.o(i.HAL_NVIC_SetPriorityGrouping)
    HAL_RCCEx_PeriphCLKConfig                0x080023d1   Thumb Code   224  stm32f1xx_hal_rcc_ex.o(i.HAL_RCCEx_PeriphCLKConfig)
    HAL_RCC_ClockConfig                      0x080024bd   Thumb Code   280  stm32f1xx_hal_rcc.o(i.HAL_RCC_ClockConfig)
    HAL_RCC_GetPCLK1Freq                     0x080025e9   Thumb Code    20  stm32f1xx_hal_rcc.o(i.HAL_RCC_GetPCLK1Freq)
    HAL_RCC_GetPCLK2Freq                     0x08002609   Thumb Code    20  stm32f1xx_hal_rcc.o(i.HAL_RCC_GetPCLK2Freq)
    HAL_RCC_GetSysClockFreq                  0x08002629   Thumb Code    58  stm32f1xx_hal_rcc.o(i.HAL_RCC_GetSysClockFreq)
    HAL_RCC_OscConfig                        0x08002675   Thumb Code   778  stm32f1xx_hal_rcc.o(i.HAL_RCC_OscConfig)
    HAL_SYSTICK_Config                       0x08002995   Thumb Code    40  stm32f1xx_hal_cortex.o(i.HAL_SYSTICK_Config)
    HAL_TIMEx_BreakCallback                  0x080029bd   Thumb Code     2  stm32f1xx_hal_tim_ex.o(i.HAL_TIMEx_BreakCallback)
    HAL_TIMEx_CommutCallback                 0x080029bf   Thumb Code     2  stm32f1xx_hal_tim_ex.o(i.HAL_TIMEx_CommutCallback)
    HAL_TIMEx_ConfigBreakDeadTime            0x080029c1   Thumb Code    84  stm32f1xx_hal_tim_ex.o(i.HAL_TIMEx_ConfigBreakDeadTime)
    HAL_TIMEx_MasterConfigSynchronization    0x08002a15   Thumb Code   104  stm32f1xx_hal_tim_ex.o(i.HAL_TIMEx_MasterConfigSynchronization)
    HAL_TIM_Base_Init                        0x08002a91   Thumb Code    90  stm32f1xx_hal_tim.o(i.HAL_TIM_Base_Init)
    HAL_TIM_Base_MspInit                     0x08002aed   Thumb Code   160  tim.o(i.HAL_TIM_Base_MspInit)
    HAL_TIM_Base_Start_IT                    0x08002ba5   Thumb Code    88  stm32f1xx_hal_tim.o(i.HAL_TIM_Base_Start_IT)
    HAL_TIM_ConfigClockSource                0x08002c11   Thumb Code   220  stm32f1xx_hal_tim.o(i.HAL_TIM_ConfigClockSource)
    HAL_TIM_IC_CaptureCallback               0x08002ced   Thumb Code     2  stm32f1xx_hal_tim.o(i.HAL_TIM_IC_CaptureCallback)
    HAL_TIM_IRQHandler                       0x08002cef   Thumb Code   358  stm32f1xx_hal_tim.o(i.HAL_TIM_IRQHandler)
    HAL_TIM_MspPostInit                      0x08002e55   Thumb Code   188  tim.o(i.HAL_TIM_MspPostInit)
    HAL_TIM_OC_DelayElapsedCallback          0x08002f31   Thumb Code     2  stm32f1xx_hal_tim.o(i.HAL_TIM_OC_DelayElapsedCallback)
    HAL_TIM_PWM_ConfigChannel                0x08002f33   Thumb Code   204  stm32f1xx_hal_tim.o(i.HAL_TIM_PWM_ConfigChannel)
    HAL_TIM_PWM_Init                         0x08002fff   Thumb Code    90  stm32f1xx_hal_tim.o(i.HAL_TIM_PWM_Init)
    HAL_TIM_PWM_MspInit                      0x08003059   Thumb Code     2  stm32f1xx_hal_tim.o(i.HAL_TIM_PWM_MspInit)
    HAL_TIM_PWM_PulseFinishedCallback        0x0800305b   Thumb Code     2  stm32f1xx_hal_tim.o(i.HAL_TIM_PWM_PulseFinishedCallback)
    HAL_TIM_PWM_Start                        0x0800305d   Thumb Code   160  stm32f1xx_hal_tim.o(i.HAL_TIM_PWM_Start)
    HAL_TIM_PeriodElapsedCallback            0x08003111   Thumb Code    26  tim.o(i.HAL_TIM_PeriodElapsedCallback)
    HAL_TIM_TriggerCallback                  0x08003139   Thumb Code     2  stm32f1xx_hal_tim.o(i.HAL_TIM_TriggerCallback)
    HAL_UARTEx_RxEventCallback               0x0800313b   Thumb Code     2  stm32f1xx_hal_uart.o(i.HAL_UARTEx_RxEventCallback)
    HAL_UART_ErrorCallback                   0x0800313d   Thumb Code     2  stm32f1xx_hal_uart.o(i.HAL_UART_ErrorCallback)
    HAL_UART_IRQHandler                      0x08003141   Thumb Code   616  stm32f1xx_hal_uart.o(i.HAL_UART_IRQHandler)
    HAL_UART_Init                            0x080033ad   Thumb Code   100  stm32f1xx_hal_uart.o(i.HAL_UART_Init)
    HAL_UART_MspInit                         0x08003411   Thumb Code   200  usart.o(i.HAL_UART_MspInit)
    HAL_UART_Receive_IT                      0x080034ed   Thumb Code    28  stm32f1xx_hal_uart.o(i.HAL_UART_Receive_IT)
    HAL_UART_RxCpltCallback                  0x08003509   Thumb Code    34  usart.o(i.HAL_UART_RxCpltCallback)
    HAL_UART_Transmit                        0x08003539   Thumb Code   154  stm32f1xx_hal_uart.o(i.HAL_UART_Transmit)
    HAL_UART_TxCpltCallback                  0x080035d3   Thumb Code     2  stm32f1xx_hal_uart.o(i.HAL_UART_TxCpltCallback)
    HardFault_Handler                        0x080035d5   Thumb Code     2  stm32f1xx_it.o(i.HardFault_Handler)
    KillTimer                                0x08003a15   Thumb Code    18  manage.o(i.KillTimer)
    MX_ADC1_Init                             0x08003a2d   Thumb Code   160  adc.o(i.MX_ADC1_Init)
    MX_DMA_Init                              0x08003ad5   Thumb Code    40  dma.o(i.MX_DMA_Init)
    MX_GPIO_Init                             0x08003b01   Thumb Code   238  gpio.o(i.MX_GPIO_Init)
    MX_I2C2_Init                             0x08003c01   Thumb Code    50  i2c.o(i.MX_I2C2_Init)
    MX_IWDG_Init                             0x08003c41   Thumb Code    36  iwdg.o(i.MX_IWDG_Init)
    MX_TIM1_Init                             0x08003c6d   Thumb Code   194  tim.o(i.MX_TIM1_Init)
    MX_TIM2_Init                             0x08003d39   Thumb Code   148  tim.o(i.MX_TIM2_Init)
    MX_TIM3_Init                             0x08003dd1   Thumb Code   146  tim.o(i.MX_TIM3_Init)
    MX_TIM4_Init                             0x08003e6d   Thumb Code   146  tim.o(i.MX_TIM4_Init)
    MX_TIM6_Init                             0x08003f09   Thumb Code    62  tim.o(i.MX_TIM6_Init)
    MX_TIM8_Init                             0x08003f51   Thumb Code   194  tim.o(i.MX_TIM8_Init)
    MX_UART4_Init                            0x0800401d   Thumb Code    48  usart.o(i.MX_UART4_Init)
    MX_USART2_UART_Init                      0x08004055   Thumb Code    48  usart.o(i.MX_USART2_UART_Init)
    MemManage_Handler                        0x0800408d   Thumb Code     2  stm32f1xx_it.o(i.MemManage_Handler)
    NMI_Handler                              0x0800408f   Thumb Code     2  stm32f1xx_it.o(i.NMI_Handler)
    OpenWindow                               0x08004091   Thumb Code     6  manage.o(i.OpenWindow)
    PendSV_Handler                           0x08004097   Thumb Code     2  stm32f1xx_it.o(i.PendSV_Handler)
    RefreshWindow                            0x0800437d   Thumb Code    18  manage.o(i.RefreshWindow)
    RegisterWindow                           0x08004391   Thumb Code    40  manage.o(i.RegisterWindow)
    SVC_Handler                              0x080043c1   Thumb Code     2  stm32f1xx_it.o(i.SVC_Handler)
    SendChar                                 0x080043c5   Thumb Code    16  usart.o(i.SendChar)
    SendStrings                              0x080043d9   Thumb Code    22  dealwith_lcd.o(i.SendStrings)
    SetPowerSaving                           0x080043ef   Thumb Code    76  dealwith_lcd.o(i.SetPowerSaving)
    SetTextFcolor                            0x0800443b   Thumb Code    90  dealwith_lcd.o(i.SetTextFcolor)
    SetTextFloat                             0x08004495   Thumb Code   132  dealwith_lcd.o(i.SetTextFloat)
    SetTextInt32                             0x08004519   Thumb Code   138  dealwith_lcd.o(i.SetTextInt32)
    SetTextValue                             0x080045a3   Thumb Code    84  dealwith_lcd.o(i.SetTextValue)
    SetTimer                                 0x080045f9   Thumb Code    54  manage.o(i.SetTimer)
    Speak_PWM_Set                            0x08004635   Thumb Code    60  tim.o(i.Speak_PWM_Set)
    SysTick_Handler                          0x08004675   Thumb Code     4  stm32f1xx_it.o(i.SysTick_Handler)
    SystemClock_Config                       0x08004679   Thumb Code   128  main.o(i.SystemClock_Config)
    SystemInit                               0x080046f9   Thumb Code     2  system_stm32f1xx.o(i.SystemInit)
    TIM6_IRQHandler                          0x080046fd   Thumb Code     6  stm32f1xx_it.o(i.TIM6_IRQHandler)
    TIM_Base_SetConfig                       0x08004709   Thumb Code   120  stm32f1xx_hal_tim.o(i.TIM_Base_SetConfig)
    TIM_CCxChannelCmd                        0x08004795   Thumb Code    26  stm32f1xx_hal_tim.o(i.TIM_CCxChannelCmd)
    TIM_ETR_SetConfig                        0x080047af   Thumb Code    20  stm32f1xx_hal_tim.o(i.TIM_ETR_SetConfig)
    TIM_OC2_SetConfig                        0x08004835   Thumb Code    98  stm32f1xx_hal_tim.o(i.TIM_OC2_SetConfig)
    TimerProcT_PWM                           0x080049a1   Thumb Code   246  dealwith_pwm.o(i.TimerProcT_PWM)
    TimerProc_PWM                            0x08004ad1   Thumb Code    40  dealwith_pwm.o(i.TimerProc_PWM)
    TimerProc_Pres                           0x08004b01   Thumb Code    22  dealwith_adc.o(i.TimerProc_Pres)
    TimerProc_Run                            0x08004b19   Thumb Code   254  manage.o(i.TimerProc_Run)
    TimerProc_Temp                           0x08004c3d   Thumb Code   376  manage.o(i.TimerProc_Temp)
    TimerServer                              0x08004df5   Thumb Code    96  manage.o(i.TimerServer)
    UART4_IRQHandler                         0x08004e61   Thumb Code     6  stm32f1xx_it.o(i.UART4_IRQHandler)
    UART_Start_Receive_IT                    0x08005045   Thumb Code    54  stm32f1xx_hal_uart.o(i.UART_Start_Receive_IT)
    USART2_IRQHandler                        0x080050f5   Thumb Code     6  stm32f1xx_it.o(i.USART2_IRQHandler)
    UsageFault_Handler                       0x08005101   Thumb Code     2  stm32f1xx_it.o(i.UsageFault_Handler)
    main                                     0x0800514d   Thumb Code   258  main.o(i.main)
    queue_find_cmd                           0x080052ad   Thumb Code   128  dealwith_lcd.o(i.queue_find_cmd)
    queue_push                               0x0800533d   Thumb Code    26  dealwith_lcd.o(i.queue_push)
    queue_reset                              0x0800535d   Thumb Code    18  dealwith_lcd.o(i.queue_reset)
    winMain                                  0x0800537d   Thumb Code   152  winmain.o(i.winMain)
    winWork                                  0x08005431   Thumb Code    86  winwork.o(i.winWork)
    __aeabi_d2f                              0x080054b1   Thumb Code     0  d2f.o(x$fpl$d2f)
    _d2f                                     0x080054b1   Thumb Code    98  d2f.o(x$fpl$d2f)
    __aeabi_dadd                             0x08005515   Thumb Code     0  daddsub_clz.o(x$fpl$dadd)
    _dadd                                    0x08005515   Thumb Code   332  daddsub_clz.o(x$fpl$dadd)
    __fpl_dcmp_Inf                           0x08005665   Thumb Code    24  dcmpi.o(x$fpl$dcmpinf)
    __aeabi_ddiv                             0x0800567d   Thumb Code     0  ddiv.o(x$fpl$ddiv)
    _ddiv                                    0x0800567d   Thumb Code   552  ddiv.o(x$fpl$ddiv)
    __aeabi_ui2d                             0x0800592d   Thumb Code     0  dflt_clz.o(x$fpl$dfltu)
    _dfltu                                   0x0800592d   Thumb Code    38  dflt_clz.o(x$fpl$dfltu)
    __aeabi_cdcmple                          0x08005955   Thumb Code     0  dleqf.o(x$fpl$dleqf)
    _dcmple                                  0x08005955   Thumb Code   120  dleqf.o(x$fpl$dleqf)
    __fpl_dcmple_InfNaN                      0x080059b7   Thumb Code     0  dleqf.o(x$fpl$dleqf)
    __aeabi_dmul                             0x080059cd   Thumb Code     0  dmul.o(x$fpl$dmul)
    _dmul                                    0x080059cd   Thumb Code   332  dmul.o(x$fpl$dmul)
    __fpl_dnaninf                            0x08005b21   Thumb Code   156  dnaninf.o(x$fpl$dnaninf)
    __fpl_dretinf                            0x08005bbd   Thumb Code    12  dretinf.o(x$fpl$dretinf)
    __aeabi_cdrcmple                         0x08005bc9   Thumb Code     0  drleqf.o(x$fpl$drleqf)
    _drcmple                                 0x08005bc9   Thumb Code   108  drleqf.o(x$fpl$drleqf)
    __aeabi_dsub                             0x08005c35   Thumb Code     0  daddsub_clz.o(x$fpl$dsub)
    _dsub                                    0x08005c35   Thumb Code   464  daddsub_clz.o(x$fpl$dsub)
    __aeabi_f2d                              0x08005e09   Thumb Code     0  f2d.o(x$fpl$f2d)
    _f2d                                     0x08005e09   Thumb Code    86  f2d.o(x$fpl$f2d)
    __aeabi_fadd                             0x08005e61   Thumb Code     0  faddsub_clz.o(x$fpl$fadd)
    _fadd                                    0x08005e61   Thumb Code   196  faddsub_clz.o(x$fpl$fadd)
    __fpl_fcheck_NaN1                        0x08005f25   Thumb Code     6  fcheck1.o(x$fpl$fcheck1)
    __fpl_fcmp_Inf                           0x08005f31   Thumb Code    24  fcmpi.o(x$fpl$fcmpinf)
    __aeabi_fdiv                             0x08005f49   Thumb Code     0  fdiv.o(x$fpl$fdiv)
    _fdiv                                    0x08005f49   Thumb Code   384  fdiv.o(x$fpl$fdiv)
    __aeabi_f2uiz                            0x080060cd   Thumb Code     0  ffixu.o(x$fpl$ffixu)
    _ffixu                                   0x080060cd   Thumb Code    62  ffixu.o(x$fpl$ffixu)
    __aeabi_i2f                              0x0800610d   Thumb Code     0  fflt_clz.o(x$fpl$fflt)
    _fflt                                    0x0800610d   Thumb Code    48  fflt_clz.o(x$fpl$fflt)
    __aeabi_ui2f                             0x0800613d   Thumb Code     0  fflt_clz.o(x$fpl$ffltu)
    _ffltu                                   0x0800613d   Thumb Code    38  fflt_clz.o(x$fpl$ffltu)
    __aeabi_cfcmple                          0x08006165   Thumb Code     0  fleqf.o(x$fpl$fleqf)
    _fcmple                                  0x08006165   Thumb Code   104  fleqf.o(x$fpl$fleqf)
    __fpl_fcmple_InfNaN                      0x080061b7   Thumb Code     0  fleqf.o(x$fpl$fleqf)
    __aeabi_fmul                             0x080061cd   Thumb Code     0  fmul.o(x$fpl$fmul)
    _fmul                                    0x080061cd   Thumb Code   258  fmul.o(x$fpl$fmul)
    __fpl_fnaninf                            0x080062cf   Thumb Code   140  fnaninf.o(x$fpl$fnaninf)
    __fpl_fretinf                            0x0800635b   Thumb Code    10  fretinf.o(x$fpl$fretinf)
    __aeabi_fsub                             0x08006365   Thumb Code     0  faddsub_clz.o(x$fpl$fsub)
    _fsub                                    0x08006365   Thumb Code   234  faddsub_clz.o(x$fpl$fsub)
    __fpl_return_NaN                         0x0800644f   Thumb Code   100  retnan.o(x$fpl$retnan)
    __ARM_scalbnf                            0x080064b3   Thumb Code    76  scalbnf.o(x$fpl$scalbnf)
    __fpl_cmpreturn                          0x080064ff   Thumb Code    48  trapv.o(x$fpl$trapveneer)
    __I$use$fp                               0x0800652e   Number         0  usenofp.o(x$fpl$usenofp)
    AHBPrescTable                            0x08006540   Data          16  system_stm32f1xx.o(.constdata)
    APBPrescTable                            0x08006550   Data           8  system_stm32f1xx.o(.constdata)
    Region$$Table$$Base                      0x08006558   Number         0  anon$$obj.o(Region$$Table)
    Region$$Table$$Limit                     0x08006578   Number         0  anon$$obj.o(Region$$Table)
    TickCounter                              0x20000000   Data           2  main.o(.data)
    WinCounter                               0x20000002   Data           2  main.o(.data)
    WinCounter_last                          0x20000004   Data           2  main.o(.data)
    hActiveWindow                            0x20000006   Data           1  main.o(.data)
    uTime_Run                                0x20000008   Data           1  main.o(.data)
    uTime_Temp                               0x20000009   Data           1  main.o(.data)
    uTime_Pres                               0x2000000a   Data           1  main.o(.data)
    uTotal_GasF                              0x2000000c   Data           4  main.o(.data)
    uTime_PWM                                0x20000010   Data           1  main.o(.data)
    uTimeT_PWM                               0x20000011   Data           1  main.o(.data)
    cmd_pos                                  0x20000012   Data           2  main.o(.data)
    cmd_state                                0x20000014   Data           4  main.o(.data)
    uLCD_Key                                 0x20000018   Data           1  main.o(.data)
    Speak_PWM_Count                          0x20000019   Data           1  main.o(.data)
    uLED_State                               0x2000001a   Data           1  main.o(.data)
    uSmoke_State                             0x2000001b   Data           1  main.o(.data)
    uPre_Limit_State                         0x2000001c   Data           1  main.o(.data)
    uJinYe_State                             0x2000001d   Data           1  main.o(.data)
    uPre_State                               0x2000001e   Data           1  main.o(.data)
    uTemp_State                              0x2000001f   Data           1  main.o(.data)
    uBack_GasH                               0x20000020   Data           4  main.o(.data)
    uTotal_GasH                              0x20000024   Data           4  main.o(.data)
    uValue_GasF                              0x20000028   Data           4  main.o(.data)
    acRxBuff                                 0x2000002c   Data           1  usart.o(.data)
    pcRxBuff                                 0x2000002d   Data           1  usart.o(.data)
    uwTickFreq                               0x20000030   Data           1  stm32f1xx_hal.o(.data)
    uwTickPrio                               0x20000034   Data           4  stm32f1xx_hal.o(.data)
    uwTick                                   0x20000038   Data           4  stm32f1xx_hal.o(.data)
    SystemCoreClock                          0x2000003c   Data           4  system_stm32f1xx.o(.data)
    TimerPool                                0x2000005c   Data         120  main.o(.bss)
    OpenWndCollection                        0x200000d4   Data          60  main.o(.bss)
    que                                      0x20000110   Data         516  main.o(.bss)
    cmd_buffer                               0x20000314   Data          64  main.o(.bss)
    uGas_Value                               0x20000354   Data          28  main.o(.bss)
    uTempPre                                 0x20000370   Data         108  main.o(.bss)
    uFlo_Value                               0x200003dc   Data          28  main.o(.bss)
    uPre_Value                               0x200003f8   Data          28  main.o(.bss)
    uT_Value                                 0x20000414   Data          28  main.o(.bss)
    uT1_Value                                0x20000430   Data          28  main.o(.bss)
    uT2_Value                                0x2000044c   Data          28  main.o(.bss)
    uAirPre                                  0x20000468   Data         108  main.o(.bss)
    PWM_buffer                               0x200004d4   Data         122  main.o(.bss)
    ADC_DMA_Buffer                           0x20000550   Data          80  adc.o(.bss)
    ADC_Buffer                               0x200005a0   Data          10  adc.o(.bss)
    hadc1                                    0x200005ac   Data          48  adc.o(.bss)
    hdma_adc1                                0x200005dc   Data          68  adc.o(.bss)
    hi2c2                                    0x20000620   Data          84  i2c.o(.bss)
    hiwdg                                    0x20000674   Data          12  iwdg.o(.bss)
    htim1                                    0x20000680   Data          72  tim.o(.bss)
    htim2                                    0x200006c8   Data          72  tim.o(.bss)
    htim3                                    0x20000710   Data          72  tim.o(.bss)
    htim4                                    0x20000758   Data          72  tim.o(.bss)
    htim6                                    0x200007a0   Data          72  tim.o(.bss)
    htim8                                    0x200007e8   Data          72  tim.o(.bss)
    huart4                                   0x20000830   Data          72  usart.o(.bss)
    huart2                                   0x20000878   Data          72  usart.o(.bss)
    __libspace_start                         0x200008c0   Data          96  libspace.o(.bss)
    __temporary_stack_top$libspace           0x20000920   Data           0  libspace.o(.bss)



==============================================================================

Memory Map of the image

  Image Entry point : 0x08000131

  Load Region LR_IROM1 (Base: 0x08000000, Size: 0x000065d4, Max: 0x00040000, ABSOLUTE)

    Execution Region ER_IROM1 (Exec base: 0x08000000, Load base: 0x08000000, Size: 0x00006578, Max: 0x00040000, ABSOLUTE)

    Exec Addr    Load Addr    Size         Type   Attr      Idx    E Section Name        Object

    0x08000000   0x08000000   0x00000130   Data   RO            3    RESET               startup_stm32f103xe.o
    0x08000130   0x08000130   0x00000008   Code   RO         4220  * !!!main             c_w.l(__main.o)
    0x08000138   0x08000138   0x00000034   Code   RO         4450    !!!scatter          c_w.l(__scatter.o)
    0x0800016c   0x0800016c   0x0000001a   Code   RO         4452    !!handler_copy      c_w.l(__scatter_copy.o)
    0x08000186   0x08000186   0x00000002   PAD
    0x08000188   0x08000188   0x0000001c   Code   RO         4454    !!handler_zi        c_w.l(__scatter_zi.o)
    0x080001a4   0x080001a4   0x00000002   Code   RO         4316    .ARM.Collect$$libinit$$00000000  c_w.l(libinit.o)
    0x080001a6   0x080001a6   0x00000000   Code   RO         4325    .ARM.Collect$$libinit$$00000002  c_w.l(libinit2.o)
    0x080001a6   0x080001a6   0x00000000   Code   RO         4327    .ARM.Collect$$libinit$$00000004  c_w.l(libinit2.o)
    0x080001a6   0x080001a6   0x00000000   Code   RO         4330    .ARM.Collect$$libinit$$0000000A  c_w.l(libinit2.o)
    0x080001a6   0x080001a6   0x00000000   Code   RO         4332    .ARM.Collect$$libinit$$0000000C  c_w.l(libinit2.o)
    0x080001a6   0x080001a6   0x00000000   Code   RO         4334    .ARM.Collect$$libinit$$0000000E  c_w.l(libinit2.o)
    0x080001a6   0x080001a6   0x00000000   Code   RO         4337    .ARM.Collect$$libinit$$00000011  c_w.l(libinit2.o)
    0x080001a6   0x080001a6   0x00000000   Code   RO         4339    .ARM.Collect$$libinit$$00000013  c_w.l(libinit2.o)
    0x080001a6   0x080001a6   0x00000000   Code   RO         4341    .ARM.Collect$$libinit$$00000015  c_w.l(libinit2.o)
    0x080001a6   0x080001a6   0x00000000   Code   RO         4343    .ARM.Collect$$libinit$$00000017  c_w.l(libinit2.o)
    0x080001a6   0x080001a6   0x00000000   Code   RO         4345    .ARM.Collect$$libinit$$00000019  c_w.l(libinit2.o)
    0x080001a6   0x080001a6   0x00000000   Code   RO         4347    .ARM.Collect$$libinit$$0000001B  c_w.l(libinit2.o)
    0x080001a6   0x080001a6   0x00000000   Code   RO         4349    .ARM.Collect$$libinit$$0000001D  c_w.l(libinit2.o)
    0x080001a6   0x080001a6   0x00000000   Code   RO         4351    .ARM.Collect$$libinit$$0000001F  c_w.l(libinit2.o)
    0x080001a6   0x080001a6   0x00000000   Code   RO         4353    .ARM.Collect$$libinit$$00000021  c_w.l(libinit2.o)
    0x080001a6   0x080001a6   0x00000000   Code   RO         4355    .ARM.Collect$$libinit$$00000023  c_w.l(libinit2.o)
    0x080001a6   0x080001a6   0x00000000   Code   RO         4357    .ARM.Collect$$libinit$$00000025  c_w.l(libinit2.o)
    0x080001a6   0x080001a6   0x00000000   Code   RO         4361    .ARM.Collect$$libinit$$0000002C  c_w.l(libinit2.o)
    0x080001a6   0x080001a6   0x00000000   Code   RO         4363    .ARM.Collect$$libinit$$0000002E  c_w.l(libinit2.o)
    0x080001a6   0x080001a6   0x00000000   Code   RO         4365    .ARM.Collect$$libinit$$00000030  c_w.l(libinit2.o)
    0x080001a6   0x080001a6   0x00000000   Code   RO         4367    .ARM.Collect$$libinit$$00000032  c_w.l(libinit2.o)
    0x080001a6   0x080001a6   0x00000002   Code   RO         4368    .ARM.Collect$$libinit$$00000033  c_w.l(libinit2.o)
    0x080001a8   0x080001a8   0x00000002   Code   RO         4388    .ARM.Collect$$libshutdown$$00000000  c_w.l(libshutdown.o)
    0x080001aa   0x080001aa   0x00000000   Code   RO         4401    .ARM.Collect$$libshutdown$$00000002  c_w.l(libshutdown2.o)
    0x080001aa   0x080001aa   0x00000000   Code   RO         4403    .ARM.Collect$$libshutdown$$00000004  c_w.l(libshutdown2.o)
    0x080001aa   0x080001aa   0x00000000   Code   RO         4405    .ARM.Collect$$libshutdown$$00000006  c_w.l(libshutdown2.o)
    0x080001aa   0x080001aa   0x00000000   Code   RO         4408    .ARM.Collect$$libshutdown$$00000009  c_w.l(libshutdown2.o)
    0x080001aa   0x080001aa   0x00000000   Code   RO         4411    .ARM.Collect$$libshutdown$$0000000C  c_w.l(libshutdown2.o)
    0x080001aa   0x080001aa   0x00000000   Code   RO         4413    .ARM.Collect$$libshutdown$$0000000E  c_w.l(libshutdown2.o)
    0x080001aa   0x080001aa   0x00000000   Code   RO         4416    .ARM.Collect$$libshutdown$$00000011  c_w.l(libshutdown2.o)
    0x080001aa   0x080001aa   0x00000002   Code   RO         4417    .ARM.Collect$$libshutdown$$00000012  c_w.l(libshutdown2.o)
    0x080001ac   0x080001ac   0x00000000   Code   RO         4272    .ARM.Collect$$rtentry$$00000000  c_w.l(__rtentry.o)
    0x080001ac   0x080001ac   0x00000000   Code   RO         4289    .ARM.Collect$$rtentry$$00000002  c_w.l(__rtentry2.o)
    0x080001ac   0x080001ac   0x00000006   Code   RO         4301    .ARM.Collect$$rtentry$$00000004  c_w.l(__rtentry4.o)
    0x080001b2   0x080001b2   0x00000000   Code   RO         4291    .ARM.Collect$$rtentry$$00000009  c_w.l(__rtentry2.o)
    0x080001b2   0x080001b2   0x00000004   Code   RO         4292    .ARM.Collect$$rtentry$$0000000A  c_w.l(__rtentry2.o)
    0x080001b6   0x080001b6   0x00000000   Code   RO         4294    .ARM.Collect$$rtentry$$0000000C  c_w.l(__rtentry2.o)
    0x080001b6   0x080001b6   0x00000008   Code   RO         4295    .ARM.Collect$$rtentry$$0000000D  c_w.l(__rtentry2.o)
    0x080001be   0x080001be   0x00000002   Code   RO         4322    .ARM.Collect$$rtexit$$00000000  c_w.l(rtexit.o)
    0x080001c0   0x080001c0   0x00000000   Code   RO         4370    .ARM.Collect$$rtexit$$00000002  c_w.l(rtexit2.o)
    0x080001c0   0x080001c0   0x00000004   Code   RO         4371    .ARM.Collect$$rtexit$$00000003  c_w.l(rtexit2.o)
    0x080001c4   0x080001c4   0x00000006   Code   RO         4372    .ARM.Collect$$rtexit$$00000004  c_w.l(rtexit2.o)
    0x080001ca   0x080001ca   0x00000002   PAD
    0x080001cc   0x080001cc   0x00000040   Code   RO            4    .text               startup_stm32f103xe.o
    0x0800020c   0x0800020c   0x0000004e   Code   RO         4216    .text               c_w.l(rt_memclr_w.o)
    0x0800025a   0x0800025a   0x00000006   Code   RO         4218    .text               c_w.l(heapauxi.o)
    0x08000260   0x08000260   0x0000004a   Code   RO         4307    .text               c_w.l(sys_stackheap_outer.o)
    0x080002aa   0x080002aa   0x00000012   Code   RO         4309    .text               c_w.l(exit.o)
    0x080002bc   0x080002bc   0x00000008   Code   RO         4319    .text               c_w.l(libspace.o)
    0x080002c4   0x080002c4   0x0000000c   Code   RO         4380    .text               c_w.l(sys_exit.o)
    0x080002d0   0x080002d0   0x00000002   Code   RO         4391    .text               c_w.l(use_no_semi.o)
    0x080002d2   0x080002d2   0x00000000   Code   RO         4393    .text               c_w.l(indicate_semi.o)
    0x080002d2   0x080002d2   0x00000002   PAD
    0x080002d4   0x080002d4   0x00000056   Code   RO          771    i.ADC_ConversionStop_Disable  stm32f1xx_hal_adc.o
    0x0800032a   0x0800032a   0x0000004e   Code   RO          772    i.ADC_DMAConvCplt   stm32f1xx_hal_adc.o
    0x08000378   0x08000378   0x0000001a   Code   RO          773    i.ADC_DMAError      stm32f1xx_hal_adc.o
    0x08000392   0x08000392   0x0000000a   Code   RO          774    i.ADC_DMAHalfConvCplt  stm32f1xx_hal_adc.o
    0x0800039c   0x0800039c   0x0000007c   Code   RO          775    i.ADC_Enable        stm32f1xx_hal_adc.o
    0x08000418   0x08000418   0x00000018   Code   RO         3865    i.ActiveWindowProc  manage.o
    0x08000430   0x08000430   0x00000040   Code   RO         3969    i.AnalysisUart2     dealwith_lcd.o
    0x08000470   0x08000470   0x00000054   Code   RO         3970    i.AnimationPlayFrame  dealwith_lcd.o
    0x080004c4   0x080004c4   0x00000002   Code   RO          611    i.BusFault_Handler  stm32f1xx_it.o
    0x080004c6   0x080004c6   0x00000002   PAD
    0x080004c8   0x080004c8   0x00000028   Code   RO         3866    i.CloseWindow       manage.o
    0x080004f0   0x080004f0   0x0000000c   Code   RO          612    i.DMA1_Channel1_IRQHandler  stm32f1xx_it.o
    0x080004fc   0x080004fc   0x0000002a   Code   RO         1427    i.DMA_SetConfig     stm32f1xx_hal_dma.o
    0x08000526   0x08000526   0x00000002   PAD
    0x08000528   0x08000528   0x00000174   Code   RO         4053    i.DealWithPwmData   dealwith_pwm.o
    0x0800069c   0x0800069c   0x00000002   Code   RO          613    i.DebugMon_Handler  stm32f1xx_it.o
    0x0800069e   0x0800069e   0x0000001a   Code   RO         3867    i.DelayMS           manage.o
    0x080006b8   0x080006b8   0x00000028   Code   RO         3868    i.DelayTime         manage.o
    0x080006e0   0x080006e0   0x00000234   Code   RO         4133    i.DispatchKey       winmain.o
    0x08000914   0x08000914   0x00000284   Code   RO         4174    i.DispatchKey       winwork.o
    0x08000b98   0x08000b98   0x00000068   Code   RO          317    i.EEPROM_Data_Read  i2c.o
    0x08000c00   0x08000c00   0x0000005c   Code   RO          318    i.EEPROM_ReadFloat  i2c.o
    0x08000c5c   0x08000c5c   0x00000030   Code   RO          319    i.EEPROM_ReadOneByte  i2c.o
    0x08000c8c   0x08000c8c   0x00000080   Code   RO          320    i.EEPROM_Read_PWM   i2c.o
    0x08000d0c   0x08000d0c   0x00000058   Code   RO          322    i.EEPROM_WriteFloat  i2c.o
    0x08000d64   0x08000d64   0x00000024   Code   RO          323    i.EEPROM_WriteOneByte  i2c.o
    0x08000d88   0x08000d88   0x0000008c   Code   RO          324    i.EEPROM_Write_PWM  i2c.o
    0x08000e14   0x08000e14   0x00000004   Code   RO           13    i.Error_Handler     main.o
    0x08000e18   0x08000e18   0x000000a8   Code   RO         4089    i.Get_Flo_Value     dealwith_adc.o
    0x08000ec0   0x08000ec0   0x00000050   Code   RO         4090    i.Get_Gas_Value     dealwith_adc.o
    0x08000f10   0x08000f10   0x00000054   Code   RO         4091    i.Get_Pre_Value     dealwith_adc.o
    0x08000f64   0x08000f64   0x00000274   Code   RO         4092    i.Get_Temp_Value    dealwith_adc.o
    0x080011d8   0x080011d8   0x000000fc   Code   RO          777    i.HAL_ADC_ConfigChannel  stm32f1xx_hal_adc.o
    0x080012d4   0x080012d4   0x00000058   Code   RO          245    i.HAL_ADC_ConvCpltCallback  adc.o
    0x0800132c   0x0800132c   0x00000002   Code   RO          779    i.HAL_ADC_ConvHalfCpltCallback  stm32f1xx_hal_adc.o
    0x0800132e   0x0800132e   0x00000002   Code   RO          781    i.HAL_ADC_ErrorCallback  stm32f1xx_hal_adc.o
    0x08001330   0x08001330   0x00000120   Code   RO          786    i.HAL_ADC_Init      stm32f1xx_hal_adc.o
    0x08001450   0x08001450   0x000000b0   Code   RO          247    i.HAL_ADC_MspInit   adc.o
    0x08001500   0x08001500   0x0000010c   Code   RO          793    i.HAL_ADC_Start_DMA  stm32f1xx_hal_adc.o
    0x0800160c   0x0800160c   0x00000046   Code   RO         1428    i.HAL_DMA_Abort     stm32f1xx_hal_dma.o
    0x08001652   0x08001652   0x00000002   PAD
    0x08001654   0x08001654   0x00000130   Code   RO         1429    i.HAL_DMA_Abort_IT  stm32f1xx_hal_dma.o
    0x08001784   0x08001784   0x00000248   Code   RO         1433    i.HAL_DMA_IRQHandler  stm32f1xx_hal_dma.o
    0x080019cc   0x080019cc   0x0000007c   Code   RO         1434    i.HAL_DMA_Init      stm32f1xx_hal_dma.o
    0x08001a48   0x08001a48   0x00000070   Code   RO         1438    i.HAL_DMA_Start_IT  stm32f1xx_hal_dma.o
    0x08001ab8   0x08001ab8   0x000001f8   Code   RO         1364    i.HAL_GPIO_Init     stm32f1xx_hal_gpio.o
    0x08001cb0   0x08001cb0   0x0000000a   Code   RO         1366    i.HAL_GPIO_ReadPin  stm32f1xx_hal_gpio.o
    0x08001cba   0x08001cba   0x0000000a   Code   RO         1368    i.HAL_GPIO_WritePin  stm32f1xx_hal_gpio.o
    0x08001cc4   0x08001cc4   0x0000000c   Code   RO         1058    i.HAL_GetTick       stm32f1xx_hal.o
    0x08001cd0   0x08001cd0   0x00000188   Code   RO         2035    i.HAL_I2C_Init      stm32f1xx_hal_i2c.o
    0x08001e58   0x08001e58   0x00000250   Code   RO         2053    i.HAL_I2C_Mem_Read  stm32f1xx_hal_i2c.o
    0x080020a8   0x080020a8   0x00000130   Code   RO         2056    i.HAL_I2C_Mem_Write  stm32f1xx_hal_i2c.o
    0x080021d8   0x080021d8   0x00000060   Code   RO          327    i.HAL_I2C_MspInit   i2c.o
    0x08002238   0x08002238   0x0000005a   Code   RO         2461    i.HAL_IWDG_Init     stm32f1xx_hal_iwdg.o
    0x08002292   0x08002292   0x0000000c   Code   RO         2462    i.HAL_IWDG_Refresh  stm32f1xx_hal_iwdg.o
    0x0800229e   0x0800229e   0x00000002   PAD
    0x080022a0   0x080022a0   0x00000010   Code   RO         1064    i.HAL_IncTick       stm32f1xx_hal.o
    0x080022b0   0x080022b0   0x00000024   Code   RO         1065    i.HAL_Init          stm32f1xx_hal.o
    0x080022d4   0x080022d4   0x00000040   Code   RO         1066    i.HAL_InitTick      stm32f1xx_hal.o
    0x08002314   0x08002314   0x0000003c   Code   RO          711    i.HAL_MspInit       stm32f1xx_hal_msp.o
    0x08002350   0x08002350   0x0000001a   Code   RO         1524    i.HAL_NVIC_EnableIRQ  stm32f1xx_hal_cortex.o
    0x0800236a   0x0800236a   0x00000002   PAD
    0x0800236c   0x0800236c   0x00000040   Code   RO         1530    i.HAL_NVIC_SetPriority  stm32f1xx_hal_cortex.o
    0x080023ac   0x080023ac   0x00000024   Code   RO         1531    i.HAL_NVIC_SetPriorityGrouping  stm32f1xx_hal_cortex.o
    0x080023d0   0x080023d0   0x000000ec   Code   RO         1326    i.HAL_RCCEx_PeriphCLKConfig  stm32f1xx_hal_rcc_ex.o
    0x080024bc   0x080024bc   0x0000012c   Code   RO         1222    i.HAL_RCC_ClockConfig  stm32f1xx_hal_rcc.o
    0x080025e8   0x080025e8   0x00000020   Code   RO         1229    i.HAL_RCC_GetPCLK1Freq  stm32f1xx_hal_rcc.o
    0x08002608   0x08002608   0x00000020   Code   RO         1230    i.HAL_RCC_GetPCLK2Freq  stm32f1xx_hal_rcc.o
    0x08002628   0x08002628   0x0000004c   Code   RO         1231    i.HAL_RCC_GetSysClockFreq  stm32f1xx_hal_rcc.o
    0x08002674   0x08002674   0x00000320   Code   RO         1234    i.HAL_RCC_OscConfig  stm32f1xx_hal_rcc.o
    0x08002994   0x08002994   0x00000028   Code   RO         1535    i.HAL_SYSTICK_Config  stm32f1xx_hal_cortex.o
    0x080029bc   0x080029bc   0x00000002   Code   RO         3197    i.HAL_TIMEx_BreakCallback  stm32f1xx_hal_tim_ex.o
    0x080029be   0x080029be   0x00000002   Code   RO         3198    i.HAL_TIMEx_CommutCallback  stm32f1xx_hal_tim_ex.o
    0x080029c0   0x080029c0   0x00000054   Code   RO         3200    i.HAL_TIMEx_ConfigBreakDeadTime  stm32f1xx_hal_tim_ex.o
    0x08002a14   0x08002a14   0x0000007c   Code   RO         3216    i.HAL_TIMEx_MasterConfigSynchronization  stm32f1xx_hal_tim_ex.o
    0x08002a90   0x08002a90   0x0000005a   Code   RO         2493    i.HAL_TIM_Base_Init  stm32f1xx_hal_tim.o
    0x08002aea   0x08002aea   0x00000002   PAD
    0x08002aec   0x08002aec   0x000000b8   Code   RO          447    i.HAL_TIM_Base_MspInit  tim.o
    0x08002ba4   0x08002ba4   0x0000006c   Code   RO         2498    i.HAL_TIM_Base_Start_IT  stm32f1xx_hal_tim.o
    0x08002c10   0x08002c10   0x000000dc   Code   RO         2502    i.HAL_TIM_ConfigClockSource  stm32f1xx_hal_tim.o
    0x08002cec   0x08002cec   0x00000002   Code   RO         2527    i.HAL_TIM_IC_CaptureCallback  stm32f1xx_hal_tim.o
    0x08002cee   0x08002cee   0x00000166   Code   RO         2541    i.HAL_TIM_IRQHandler  stm32f1xx_hal_tim.o
    0x08002e54   0x08002e54   0x000000dc   Code   RO          448    i.HAL_TIM_MspPostInit  tim.o
    0x08002f30   0x08002f30   0x00000002   Code   RO         2544    i.HAL_TIM_OC_DelayElapsedCallback  stm32f1xx_hal_tim.o
    0x08002f32   0x08002f32   0x000000cc   Code   RO         2565    i.HAL_TIM_PWM_ConfigChannel  stm32f1xx_hal_tim.o
    0x08002ffe   0x08002ffe   0x0000005a   Code   RO         2568    i.HAL_TIM_PWM_Init  stm32f1xx_hal_tim.o
    0x08003058   0x08003058   0x00000002   Code   RO         2570    i.HAL_TIM_PWM_MspInit  stm32f1xx_hal_tim.o
    0x0800305a   0x0800305a   0x00000002   Code   RO         2571    i.HAL_TIM_PWM_PulseFinishedCallback  stm32f1xx_hal_tim.o
    0x0800305c   0x0800305c   0x000000b4   Code   RO         2573    i.HAL_TIM_PWM_Start  stm32f1xx_hal_tim.o
    0x08003110   0x08003110   0x00000028   Code   RO          449    i.HAL_TIM_PeriodElapsedCallback  tim.o
    0x08003138   0x08003138   0x00000002   Code   RO         2584    i.HAL_TIM_TriggerCallback  stm32f1xx_hal_tim.o
    0x0800313a   0x0800313a   0x00000002   Code   RO         3476    i.HAL_UARTEx_RxEventCallback  stm32f1xx_hal_uart.o
    0x0800313c   0x0800313c   0x00000002   Code   RO         3490    i.HAL_UART_ErrorCallback  stm32f1xx_hal_uart.o
    0x0800313e   0x0800313e   0x00000002   PAD
    0x08003140   0x08003140   0x0000026c   Code   RO         3493    i.HAL_UART_IRQHandler  stm32f1xx_hal_uart.o
    0x080033ac   0x080033ac   0x00000064   Code   RO         3494    i.HAL_UART_Init     stm32f1xx_hal_uart.o
    0x08003410   0x08003410   0x000000dc   Code   RO          540    i.HAL_UART_MspInit  usart.o
    0x080034ec   0x080034ec   0x0000001c   Code   RO         3499    i.HAL_UART_Receive_IT  stm32f1xx_hal_uart.o
    0x08003508   0x08003508   0x00000030   Code   RO          541    i.HAL_UART_RxCpltCallback  usart.o
    0x08003538   0x08003538   0x0000009a   Code   RO         3502    i.HAL_UART_Transmit  stm32f1xx_hal_uart.o
    0x080035d2   0x080035d2   0x00000002   Code   RO         3505    i.HAL_UART_TxCpltCallback  stm32f1xx_hal_uart.o
    0x080035d4   0x080035d4   0x00000002   Code   RO          614    i.HardFault_Handler  stm32f1xx_it.o
    0x080035d6   0x080035d6   0x0000002e   Code   RO         2078    i.I2C_IsAcknowledgeFailed  stm32f1xx_hal_i2c.o
    0x08003604   0x08003604   0x000000fc   Code   RO         2088    i.I2C_RequestMemoryRead  stm32f1xx_hal_i2c.o
    0x08003700   0x08003700   0x000000a8   Code   RO         2089    i.I2C_RequestMemoryWrite  stm32f1xx_hal_i2c.o
    0x080037a8   0x080037a8   0x00000056   Code   RO         2093    i.I2C_WaitOnBTFFlagUntilTimeout  stm32f1xx_hal_i2c.o
    0x080037fe   0x080037fe   0x00000002   PAD
    0x08003800   0x08003800   0x00000090   Code   RO         2094    i.I2C_WaitOnFlagUntilTimeout  stm32f1xx_hal_i2c.o
    0x08003890   0x08003890   0x000000bc   Code   RO         2095    i.I2C_WaitOnMasterAddressFlagUntilTimeout  stm32f1xx_hal_i2c.o
    0x0800394c   0x0800394c   0x00000070   Code   RO         2096    i.I2C_WaitOnRXNEFlagUntilTimeout  stm32f1xx_hal_i2c.o
    0x080039bc   0x080039bc   0x00000056   Code   RO         2097    i.I2C_WaitOnTXEFlagUntilTimeout  stm32f1xx_hal_i2c.o
    0x08003a12   0x08003a12   0x00000002   PAD
    0x08003a14   0x08003a14   0x00000018   Code   RO         3869    i.KillTimer         manage.o
    0x08003a2c   0x08003a2c   0x000000a8   Code   RO          248    i.MX_ADC1_Init      adc.o
    0x08003ad4   0x08003ad4   0x0000002c   Code   RO          293    i.MX_DMA_Init       dma.o
    0x08003b00   0x08003b00   0x00000100   Code   RO          221    i.MX_GPIO_Init      gpio.o
    0x08003c00   0x08003c00   0x00000040   Code   RO          328    i.MX_I2C2_Init      i2c.o
    0x08003c40   0x08003c40   0x0000002c   Code   RO          416    i.MX_IWDG_Init      iwdg.o
    0x08003c6c   0x08003c6c   0x000000cc   Code   RO          450    i.MX_TIM1_Init      tim.o
    0x08003d38   0x08003d38   0x00000098   Code   RO          451    i.MX_TIM2_Init      tim.o
    0x08003dd0   0x08003dd0   0x0000009c   Code   RO          452    i.MX_TIM3_Init      tim.o
    0x08003e6c   0x08003e6c   0x0000009c   Code   RO          453    i.MX_TIM4_Init      tim.o
    0x08003f08   0x08003f08   0x00000048   Code   RO          454    i.MX_TIM6_Init      tim.o
    0x08003f50   0x08003f50   0x000000cc   Code   RO          455    i.MX_TIM8_Init      tim.o
    0x0800401c   0x0800401c   0x00000038   Code   RO          542    i.MX_UART4_Init     usart.o
    0x08004054   0x08004054   0x00000038   Code   RO          543    i.MX_USART2_UART_Init  usart.o
    0x0800408c   0x0800408c   0x00000002   Code   RO          615    i.MemManage_Handler  stm32f1xx_it.o
    0x0800408e   0x0800408e   0x00000002   Code   RO          616    i.NMI_Handler       stm32f1xx_it.o
    0x08004090   0x08004090   0x00000006   Code   RO         3870    i.OpenWindow        manage.o
    0x08004096   0x08004096   0x00000002   Code   RO          617    i.PendSV_Handler    stm32f1xx_it.o
    0x08004098   0x08004098   0x00000128   Code   RO         4134    i.RefreshState      winmain.o
    0x080041c0   0x080041c0   0x000001bc   Code   RO         4175    i.RefreshState      winwork.o
    0x0800437c   0x0800437c   0x00000012   Code   RO         3871    i.RefreshWindow     manage.o
    0x0800438e   0x0800438e   0x00000002   PAD
    0x08004390   0x08004390   0x00000030   Code   RO         3872    i.RegisterWindow    manage.o
    0x080043c0   0x080043c0   0x00000002   Code   RO          618    i.SVC_Handler       stm32f1xx_it.o
    0x080043c2   0x080043c2   0x00000002   PAD
    0x080043c4   0x080043c4   0x00000014   Code   RO          545    i.SendChar          usart.o
    0x080043d8   0x080043d8   0x00000016   Code   RO         3971    i.SendStrings       dealwith_lcd.o
    0x080043ee   0x080043ee   0x0000004c   Code   RO         3972    i.SetPowerSaving    dealwith_lcd.o
    0x0800443a   0x0800443a   0x0000005a   Code   RO         3973    i.SetTextFcolor     dealwith_lcd.o
    0x08004494   0x08004494   0x00000084   Code   RO         3974    i.SetTextFloat      dealwith_lcd.o
    0x08004518   0x08004518   0x0000008a   Code   RO         3975    i.SetTextInt32      dealwith_lcd.o
    0x080045a2   0x080045a2   0x00000054   Code   RO         3976    i.SetTextValue      dealwith_lcd.o
    0x080045f6   0x080045f6   0x00000002   PAD
    0x080045f8   0x080045f8   0x0000003c   Code   RO         3873    i.SetTimer          manage.o
    0x08004634   0x08004634   0x00000040   Code   RO          456    i.Speak_PWM_Set     tim.o
    0x08004674   0x08004674   0x00000004   Code   RO          619    i.SysTick_Handler   stm32f1xx_it.o
    0x08004678   0x08004678   0x00000080   Code   RO           14    i.SystemClock_Config  main.o
    0x080046f8   0x080046f8   0x00000002   Code   RO         3828    i.SystemInit        system_stm32f1xx.o
    0x080046fa   0x080046fa   0x00000002   PAD
    0x080046fc   0x080046fc   0x0000000c   Code   RO          620    i.TIM6_IRQHandler   stm32f1xx_it.o
    0x08004708   0x08004708   0x0000008c   Code   RO         2586    i.TIM_Base_SetConfig  stm32f1xx_hal_tim.o
    0x08004794   0x08004794   0x0000001a   Code   RO         2587    i.TIM_CCxChannelCmd  stm32f1xx_hal_tim.o
    0x080047ae   0x080047ae   0x00000014   Code   RO         2597    i.TIM_ETR_SetConfig  stm32f1xx_hal_tim.o
    0x080047c2   0x080047c2   0x00000010   Code   RO         2598    i.TIM_ITRx_SetConfig  stm32f1xx_hal_tim.o
    0x080047d2   0x080047d2   0x00000002   PAD
    0x080047d4   0x080047d4   0x00000060   Code   RO         2599    i.TIM_OC1_SetConfig  stm32f1xx_hal_tim.o
    0x08004834   0x08004834   0x0000006c   Code   RO         2600    i.TIM_OC2_SetConfig  stm32f1xx_hal_tim.o
    0x080048a0   0x080048a0   0x00000068   Code   RO         2601    i.TIM_OC3_SetConfig  stm32f1xx_hal_tim.o
    0x08004908   0x08004908   0x00000050   Code   RO         2602    i.TIM_OC4_SetConfig  stm32f1xx_hal_tim.o
    0x08004958   0x08004958   0x00000022   Code   RO         2604    i.TIM_TI1_ConfigInputStage  stm32f1xx_hal_tim.o
    0x0800497a   0x0800497a   0x00000024   Code   RO         2606    i.TIM_TI2_ConfigInputStage  stm32f1xx_hal_tim.o
    0x0800499e   0x0800499e   0x00000002   PAD
    0x080049a0   0x080049a0   0x00000130   Code   RO         4054    i.TimerProcT_PWM    dealwith_pwm.o
    0x08004ad0   0x08004ad0   0x00000030   Code   RO         4055    i.TimerProc_PWM     dealwith_pwm.o
    0x08004b00   0x08004b00   0x00000016   Code   RO         4093    i.TimerProc_Pres    dealwith_adc.o
    0x08004b16   0x08004b16   0x00000002   PAD
    0x08004b18   0x08004b18   0x00000124   Code   RO         3874    i.TimerProc_Run     manage.o
    0x08004c3c   0x08004c3c   0x000001b8   Code   RO         3875    i.TimerProc_Temp    manage.o
    0x08004df4   0x08004df4   0x0000006c   Code   RO         3876    i.TimerServer       manage.o
    0x08004e60   0x08004e60   0x0000000c   Code   RO          621    i.UART4_IRQHandler  stm32f1xx_it.o
    0x08004e6c   0x08004e6c   0x00000010   Code   RO         3507    i.UART_DMAAbortOnError  stm32f1xx_hal_uart.o
    0x08004e7c   0x08004e7c   0x0000004e   Code   RO         3517    i.UART_EndRxTransfer  stm32f1xx_hal_uart.o
    0x08004eca   0x08004eca   0x000000c2   Code   RO         3519    i.UART_Receive_IT   stm32f1xx_hal_uart.o
    0x08004f8c   0x08004f8c   0x000000b8   Code   RO         3520    i.UART_SetConfig    stm32f1xx_hal_uart.o
    0x08005044   0x08005044   0x00000036   Code   RO         3522    i.UART_Start_Receive_IT  stm32f1xx_hal_uart.o
    0x0800507a   0x0800507a   0x00000078   Code   RO         3523    i.UART_WaitOnFlagUntilTimeout  stm32f1xx_hal_uart.o
    0x080050f2   0x080050f2   0x00000002   PAD
    0x080050f4   0x080050f4   0x0000000c   Code   RO          622    i.USART2_IRQHandler  stm32f1xx_it.o
    0x08005100   0x08005100   0x00000002   Code   RO          623    i.UsageFault_Handler  stm32f1xx_it.o
    0x08005102   0x08005102   0x00000014   Code   RO         4135    i.WindowProc        winmain.o
    0x08005116   0x08005116   0x00000014   Code   RO         4176    i.WindowProc        winwork.o
    0x0800512a   0x0800512a   0x00000020   Code   RO         1537    i.__NVIC_SetPriority  stm32f1xx_hal_cortex.o
    0x0800514a   0x0800514a   0x00000002   PAD
    0x0800514c   0x0800514c   0x00000160   Code   RO           15    i.main              main.o
    0x080052ac   0x080052ac   0x00000090   Code   RO         3977    i.queue_find_cmd    dealwith_lcd.o
    0x0800533c   0x0800533c   0x00000020   Code   RO         3978    i.queue_push        dealwith_lcd.o
    0x0800535c   0x0800535c   0x00000020   Code   RO         3979    i.queue_reset       dealwith_lcd.o
    0x0800537c   0x0800537c   0x000000b4   Code   RO         4136    i.winMain           winmain.o
    0x08005430   0x08005430   0x00000080   Code   RO         4177    i.winWork           winwork.o
    0x080054b0   0x080054b0   0x00000062   Code   RO         4222    x$fpl$d2f           fz_ws.l(d2f.o)
    0x08005512   0x08005512   0x00000002   PAD
    0x08005514   0x08005514   0x00000150   Code   RO         4224    x$fpl$dadd          fz_ws.l(daddsub_clz.o)
    0x08005664   0x08005664   0x00000018   Code   RO         4303    x$fpl$dcmpinf       fz_ws.l(dcmpi.o)
    0x0800567c   0x0800567c   0x000002b0   Code   RO         4231    x$fpl$ddiv          fz_ws.l(ddiv.o)
    0x0800592c   0x0800592c   0x00000026   Code   RO         4234    x$fpl$dfltu         fz_ws.l(dflt_clz.o)
    0x08005952   0x08005952   0x00000002   PAD
    0x08005954   0x08005954   0x00000078   Code   RO         4273    x$fpl$dleqf         fz_ws.l(dleqf.o)
    0x080059cc   0x080059cc   0x00000154   Code   RO         4240    x$fpl$dmul          fz_ws.l(dmul.o)
    0x08005b20   0x08005b20   0x0000009c   Code   RO         4275    x$fpl$dnaninf       fz_ws.l(dnaninf.o)
    0x08005bbc   0x08005bbc   0x0000000c   Code   RO         4277    x$fpl$dretinf       fz_ws.l(dretinf.o)
    0x08005bc8   0x08005bc8   0x0000006c   Code   RO         4242    x$fpl$drleqf        fz_ws.l(drleqf.o)
    0x08005c34   0x08005c34   0x000001d4   Code   RO         4226    x$fpl$dsub          fz_ws.l(daddsub_clz.o)
    0x08005e08   0x08005e08   0x00000056   Code   RO         4244    x$fpl$f2d           fz_ws.l(f2d.o)
    0x08005e5e   0x08005e5e   0x00000002   PAD
    0x08005e60   0x08005e60   0x000000c4   Code   RO         4246    x$fpl$fadd          fz_ws.l(faddsub_clz.o)
    0x08005f24   0x08005f24   0x0000000c   Code   RO         4279    x$fpl$fcheck1       fz_ws.l(fcheck1.o)
    0x08005f30   0x08005f30   0x00000018   Code   RO         4281    x$fpl$fcmpinf       fz_ws.l(fcmpi.o)
    0x08005f48   0x08005f48   0x00000184   Code   RO         4253    x$fpl$fdiv          fz_ws.l(fdiv.o)
    0x080060cc   0x080060cc   0x0000003e   Code   RO         4256    x$fpl$ffixu         fz_ws.l(ffixu.o)
    0x0800610a   0x0800610a   0x00000002   PAD
    0x0800610c   0x0800610c   0x00000030   Code   RO         4261    x$fpl$fflt          fz_ws.l(fflt_clz.o)
    0x0800613c   0x0800613c   0x00000026   Code   RO         4260    x$fpl$ffltu         fz_ws.l(fflt_clz.o)
    0x08006162   0x08006162   0x00000002   PAD
    0x08006164   0x08006164   0x00000068   Code   RO         4266    x$fpl$fleqf         fz_ws.l(fleqf.o)
    0x080061cc   0x080061cc   0x00000102   Code   RO         4268    x$fpl$fmul          fz_ws.l(fmul.o)
    0x080062ce   0x080062ce   0x0000008c   Code   RO         4283    x$fpl$fnaninf       fz_ws.l(fnaninf.o)
    0x0800635a   0x0800635a   0x0000000a   Code   RO         4285    x$fpl$fretinf       fz_ws.l(fretinf.o)
    0x08006364   0x08006364   0x000000ea   Code   RO         4248    x$fpl$fsub          fz_ws.l(faddsub_clz.o)
    0x0800644e   0x0800644e   0x00000064   Code   RO         4305    x$fpl$retnan        fz_ws.l(retnan.o)
    0x080064b2   0x080064b2   0x0000004c   Code   RO         4270    x$fpl$scalbnf       fz_ws.l(scalbnf.o)
    0x080064fe   0x080064fe   0x00000030   Code   RO         4317    x$fpl$trapveneer    fz_ws.l(trapv.o)
    0x0800652e   0x0800652e   0x00000000   Code   RO         4287    x$fpl$usenofp       fz_ws.l(usenofp.o)
    0x0800652e   0x0800652e   0x00000012   Data   RO         1235    .constdata          stm32f1xx_hal_rcc.o
    0x08006540   0x08006540   0x00000010   Data   RO         3829    .constdata          system_stm32f1xx.o
    0x08006550   0x08006550   0x00000008   Data   RO         3830    .constdata          system_stm32f1xx.o
    0x08006558   0x08006558   0x00000020   Data   RO         4448    Region$$Table       anon$$obj.o


    Execution Region RW_IRAM1 (Exec base: 0x20000000, Load base: 0x08006578, Size: 0x00000f20, Max: 0x0000c000, ABSOLUTE)

    Exec Addr    Load Addr    Size         Type   Attr      Idx    E Section Name        Object

    0x20000000   0x08006578   0x00000002   Data   RW           29    .data               main.o
    0x20000002   0x0800657a   0x00000002   Data   RW           30    .data               main.o
    0x20000004   0x0800657c   0x00000002   Data   RW           31    .data               main.o
    0x20000006   0x0800657e   0x00000001   Data   RW           33    .data               main.o
    0x20000007   0x0800657f   0x00000001   PAD
    0x20000008   0x08006580   0x00000008   Data   RW           34    .data               main.o
    0x20000010   0x08006588   0x00000001   Data   RW           35    .data               main.o
    0x20000011   0x08006589   0x00000001   Data   RW           36    .data               main.o
    0x20000012   0x0800658a   0x00000002   Data   RW           37    .data               main.o
    0x20000014   0x0800658c   0x00000004   Data   RW           38    .data               main.o
    0x20000018   0x08006590   0x00000001   Data   RW           39    .data               main.o
    0x20000019   0x08006591   0x00000001   Data   RW           40    .data               main.o
    0x2000001a   0x08006592   0x00000001   Data   RW           41    .data               main.o
    0x2000001b   0x08006593   0x00000001   Data   RW           42    .data               main.o
    0x2000001c   0x08006594   0x00000001   Data   RW           43    .data               main.o
    0x2000001d   0x08006595   0x00000001   Data   RW           44    .data               main.o
    0x2000001e   0x08006596   0x00000001   Data   RW           45    .data               main.o
    0x2000001f   0x08006597   0x00000001   Data   RW           46    .data               main.o
    0x20000020   0x08006598   0x00000004   Data   RW           48    .data               main.o
    0x20000024   0x0800659c   0x00000004   Data   RW           49    .data               main.o
    0x20000028   0x080065a0   0x00000004   Data   RW           50    .data               main.o
    0x2000002c   0x080065a4   0x00000001   Data   RW          548    .data               usart.o
    0x2000002d   0x080065a5   0x00000001   Data   RW          549    .data               usart.o
    0x2000002e   0x080065a6   0x00000002   PAD
    0x20000030   0x080065a8   0x0000000c   Data   RW         1072    .data               stm32f1xx_hal.o
    0x2000003c   0x080065b4   0x00000004   Data   RW         3831    .data               system_stm32f1xx.o
    0x20000040   0x080065b8   0x00000002   Data   RW         3877    .data               manage.o
    0x20000042   0x080065ba   0x00000002   Data   RW         4056    .data               dealwith_pwm.o
    0x20000044   0x080065bc   0x0000000c   Data   RW         4137    .data               winmain.o
    0x20000050   0x080065c8   0x0000000c   Data   RW         4178    .data               winwork.o
    0x2000005c        -       0x00000078   Zero   RW           16    .bss                main.o
    0x200000d4        -       0x0000003c   Zero   RW           18    .bss                main.o
    0x20000110        -       0x00000204   Zero   RW           19    .bss                main.o
    0x20000314        -       0x00000040   Zero   RW           20    .bss                main.o
    0x20000354        -       0x00000088   Zero   RW           21    .bss                main.o
    0x200003dc        -       0x0000001c   Zero   RW           22    .bss                main.o
    0x200003f8        -       0x0000001c   Zero   RW           23    .bss                main.o
    0x20000414        -       0x0000001c   Zero   RW           24    .bss                main.o
    0x20000430        -       0x0000001c   Zero   RW           25    .bss                main.o
    0x2000044c        -       0x0000001c   Zero   RW           26    .bss                main.o
    0x20000468        -       0x0000006c   Zero   RW           27    .bss                main.o
    0x200004d4        -       0x0000007a   Zero   RW           28    .bss                main.o
    0x2000054e   0x080065d4   0x00000002   PAD
    0x20000550        -       0x000000d0   Zero   RW          249    .bss                adc.o
    0x20000620        -       0x00000054   Zero   RW          329    .bss                i2c.o
    0x20000674        -       0x0000000c   Zero   RW          417    .bss                iwdg.o
    0x20000680        -       0x000001b0   Zero   RW          457    .bss                tim.o
    0x20000830        -       0x00000090   Zero   RW          546    .bss                usart.o
    0x200008c0        -       0x00000060   Zero   RW         4320    .bss                c_w.l(libspace.o)
    0x20000920        -       0x00000200   Zero   RW            2    HEAP                startup_stm32f103xe.o
    0x20000b20        -       0x00000400   Zero   RW            1    STACK               startup_stm32f103xe.o


==============================================================================

Image component sizes


      Code (inc. data)   RO Data    RW Data    ZI Data      Debug   Object Name

       432         38          0          0        208       2840   adc.o
       982        162          0          0          0       3229   dealwith_adc.o
       898         44          0          0          0       8149   dealwith_lcd.o
       724        136          0          2          0       2121   dealwith_pwm.o
        44          4          0          0          0        822   dma.o
       256         18          0          0          0       1075   gpio.o
       796         82          0          0         84       6761   i2c.o
        44          8          0          0         12        771   iwdg.o
       484         94          0         43       1266     516615   main.o
      1126        158          0          2          0       8811   manage.o
        64         26        304          0       1536        828   startup_stm32f103xe.o
       128         24          0         12          0       6137   stm32f1xx_hal.o
      1136         60          0          0          0       8427   stm32f1xx_hal_adc.o
       198         14          0          0          0      29139   stm32f1xx_hal_cortex.o
      1236         52          0          0          0       5350   stm32f1xx_hal_dma.o
       524         42          0          0          0       3663   stm32f1xx_hal_gpio.o
      2370         56          0          0          0      13378   stm32f1xx_hal_i2c.o
       102          0          0          0          0       1935   stm32f1xx_hal_iwdg.o
        60          8          0          0          0        938   stm32f1xx_hal_msp.o
      1240         84         18          0          0       5308   stm32f1xx_hal_rcc.o
       236         12          0          0          0       1452   stm32f1xx_hal_rcc_ex.o
      1920         96          0          0          0      16958   stm32f1xx_hal_tim.o
       212         20          0          0          0       3353   stm32f1xx_hal_tim_ex.o
      1554         10          0          0          0      11352   stm32f1xx_hal_uart.o
        68         24          0          0          0       6046   stm32f1xx_it.o
         2          0         24          4          0       1215   system_stm32f1xx.o
      1452        128          0          0        432       7681   tim.o
       400         54          0          2        144       3913   usart.o
      1060        140          0         12          0       2966   winmain.o
      1236        160          0         12          0       3126   winwork.o

    ----------------------------------------------------------------------
     21020       1754        378         92       3684     684359   Object Totals
         0          0         32          0          0          0   (incl. Generated)
        36          0          0          3          2          0   (incl. Padding)

    ----------------------------------------------------------------------

      Code (inc. data)   RO Data    RW Data    ZI Data      Debug   Library Member Name

         8          0          0          0          0         68   __main.o
         0          0          0          0          0          0   __rtentry.o
        12          0          0          0          0          0   __rtentry2.o
         6          0          0          0          0          0   __rtentry4.o
        52          8          0          0          0          0   __scatter.o
        26          0          0          0          0          0   __scatter_copy.o
        28          0          0          0          0          0   __scatter_zi.o
        18          0          0          0          0         80   exit.o
         6          0          0          0          0        152   heapauxi.o
         0          0          0          0          0          0   indicate_semi.o
         2          0          0          0          0          0   libinit.o
         2          0          0          0          0          0   libinit2.o
         2          0          0          0          0          0   libshutdown.o
         2          0          0          0          0          0   libshutdown2.o
         8          4          0          0         96         68   libspace.o
        78          0          0          0          0         80   rt_memclr_w.o
         2          0          0          0          0          0   rtexit.o
        10          0          0          0          0          0   rtexit2.o
        12          4          0          0          0         68   sys_exit.o
        74          0          0          0          0         80   sys_stackheap_outer.o
         2          0          0          0          0         68   use_no_semi.o
        98          4          0          0          0         92   d2f.o
       804         16          0          0          0        272   daddsub_clz.o
        24          0          0          0          0         68   dcmpi.o
       688        140          0          0          0        208   ddiv.o
        38          0          0          0          0         68   dflt_clz.o
       120          4          0          0          0         92   dleqf.o
       340         12          0          0          0        104   dmul.o
       156          4          0          0          0         92   dnaninf.o
        12          0          0          0          0         68   dretinf.o
       108          0          0          0          0         80   drleqf.o
        86          4          0          0          0         84   f2d.o
       430          8          0          0          0        168   faddsub_clz.o
        12          4          0          0          0         68   fcheck1.o
        24          0          0          0          0         68   fcmpi.o
       388         76          0          0          0         96   fdiv.o
        62          4          0          0          0         84   ffixu.o
        86          0          0          0          0        136   fflt_clz.o
       104          4          0          0          0         84   fleqf.o
       258          4          0          0          0         84   fmul.o
       140          4          0          0          0         84   fnaninf.o
        10          0          0          0          0         68   fretinf.o
       100          0          0          0          0         68   retnan.o
        76          0          0          0          0         68   scalbnf.o
        48          0          0          0          0         68   trapv.o
         0          0          0          0          0          0   usenofp.o

    ----------------------------------------------------------------------
      4578        304          0          0         96       3036   Library Totals
        16          0          0          0          0          0   (incl. Padding)

    ----------------------------------------------------------------------

      Code (inc. data)   RO Data    RW Data    ZI Data      Debug   Library Name

       350         16          0          0         96        664   c_w.l
      4212        288          0          0          0       2372   fz_ws.l

    ----------------------------------------------------------------------
      4578        304          0          0         96       3036   Library Totals

    ----------------------------------------------------------------------

==============================================================================


      Code (inc. data)   RO Data    RW Data    ZI Data      Debug   

     25598       2058        378         92       3780     677043   Grand Totals
     25598       2058        378         92       3780     677043   ELF Image Totals
     25598       2058        378         92          0          0   ROM Totals

==============================================================================

    Total RO  Size (Code + RO Data)                25976 (  25.37kB)
    Total RW  Size (RW Data + ZI Data)              3872 (   3.78kB)
    Total ROM Size (Code + RO Data + RW Data)      26068 (  25.46kB)

==============================================================================

